[  2%] Built target carmy_motor_controller__rs
[  4%] Built target carmy_motor_controller__cpp
[  4%] Built target ament_cmake_python_copy_carmy_motor_controller
[ 13%] Built target carmy_motor_controller__rosidl_generator_c
[ 18%] Built target carmy_motor_controller_lib
[ 34%] Built target carmy_motor_controller__rosidl_typesupport_introspection_cpp
[ 36%] Built target carmy_motor_controller__rosidl_typesupport_fastrtps_cpp
[ 54%] Built target carmy_motor_controller__rosidl_typesupport_c
[ 54%] Built target carmy_motor_controller__rosidl_typesupport_cpp
[ 63%] Built target carmy_motor_controller__rosidl_typesupport_introspection_c
[ 72%] Built target carmy_motor_controller__rosidl_typesupport_fastrtps_c
[ 72%] Built target carmy_motor_controller
[ 75%] Built target carmy_motor_controller__py
[ 79%] Built target rs_motor_ros2_node
[ 86%] Built target carmy_motor_controller__rosidl_generator_py
[ 90%] Built target carmy_motor_controller__rosidl_typesupport_introspection_c__pyext
[100%] Built target carmy_motor_controller__rosidl_typesupport_fastrtps_c__pyext
[100%] Built target carmy_motor_controller__rosidl_typesupport_c__pyext
running egg_info
writing carmy_motor_controller.egg-info/PKG-INFO
writing dependency_links to carmy_motor_controller.egg-info/dependency_links.txt
writing top-level names to carmy_motor_controller.egg-info/top_level.txt
reading manifest file 'carmy_motor_controller.egg-info/SOURCES.txt'
writing manifest file 'carmy_motor_controller.egg-info/SOURCES.txt'
[100%] Built target ament_cmake_python_build_carmy_motor_controller_egg
-- Install configuration: ""
-- Up-to-date: /ws/carmy_motor_controller/install/carmy_motor_controller/share/ament_index/resource_index/rosidl_interfaces/carmy_motor_controller
-- Up-to-date: /ws/carmy_motor_controller/install/carmy_motor_controller/include/carmy_motor_controller/carmy_motor_controller
-- Up-to-date: /ws/carmy_motor_controller/install/carmy_motor_controller/include/carmy_motor_controller/carmy_motor_controller/msg
-- Up-to-date: /ws/carmy_motor_controller/install/carmy_motor_controller/include/carmy_motor_controller/carmy_motor_controller/msg/detail
-- Up-to-date: /ws/carmy_motor_controller/install/carmy_motor_controller/include/carmy_motor_controller/carmy_motor_controller/msg/detail/motor_feedback__type_support.h
-- Up-to-date: /ws/carmy_motor_controller/install/carmy_motor_controller/include/carmy_motor_controller/carmy_motor_controller/msg/detail/motor_motion_control__functions.h
-- Up-to-date: /ws/carmy_motor_controller/install/carmy_motor_controller/include/carmy_motor_controller/carmy_motor_controller/msg/detail/motor_motion_control__struct.h
-- Up-to-date: /ws/carmy_motor_controller/install/carmy_motor_controller/include/carmy_motor_controller/carmy_motor_controller/msg/detail/motor_motion_control__functions.c
-- Up-to-date: /ws/carmy_motor_controller/install/carmy_motor_controller/include/carmy_motor_controller/carmy_motor_controller/msg/detail/motor_feedback__struct.h
-- Up-to-date: /ws/carmy_motor_controller/install/carmy_motor_controller/include/carmy_motor_controller/carmy_motor_controller/msg/detail/motor_feedback__functions.c
-- Up-to-date: /ws/carmy_motor_controller/install/carmy_motor_controller/include/carmy_motor_controller/carmy_motor_controller/msg/detail/motor_motion_control__type_support.h
-- Up-to-date: /ws/carmy_motor_controller/install/carmy_motor_controller/include/carmy_motor_controller/carmy_motor_controller/msg/detail/motor_feedback__functions.h
-- Up-to-date: /ws/carmy_motor_controller/install/carmy_motor_controller/include/carmy_motor_controller/carmy_motor_controller/msg/motor_motion_control.h
-- Up-to-date: /ws/carmy_motor_controller/install/carmy_motor_controller/include/carmy_motor_controller/carmy_motor_controller/msg/motor_feedback.h
-- Up-to-date: /ws/carmy_motor_controller/install/carmy_motor_controller/include/carmy_motor_controller/carmy_motor_controller/msg/rosidl_generator_c__visibility_control.h
-- Up-to-date: /ws/carmy_motor_controller/install/carmy_motor_controller/share/carmy_motor_controller/environment/library_path.sh
-- Up-to-date: /ws/carmy_motor_controller/install/carmy_motor_controller/share/carmy_motor_controller/environment/library_path.dsv
-- Up-to-date: /ws/carmy_motor_controller/install/carmy_motor_controller/lib/libcarmy_motor_controller__rosidl_generator_c.so
-- Up-to-date: /ws/carmy_motor_controller/install/carmy_motor_controller/include/carmy_motor_controller/carmy_motor_controller
-- Up-to-date: /ws/carmy_motor_controller/install/carmy_motor_controller/include/carmy_motor_controller/carmy_motor_controller/msg
-- Up-to-date: /ws/carmy_motor_controller/install/carmy_motor_controller/include/carmy_motor_controller/carmy_motor_controller/msg/detail
-- Up-to-date: /ws/carmy_motor_controller/install/carmy_motor_controller/include/carmy_motor_controller/carmy_motor_controller/msg/detail/motor_motion_control__rosidl_typesupport_fastrtps_c.h
-- Up-to-date: /ws/carmy_motor_controller/install/carmy_motor_controller/include/carmy_motor_controller/carmy_motor_controller/msg/detail/motor_feedback__rosidl_typesupport_fastrtps_c.h
-- Up-to-date: /ws/carmy_motor_controller/install/carmy_motor_controller/include/carmy_motor_controller/carmy_motor_controller/msg/rosidl_typesupport_fastrtps_c__visibility_control.h
-- Up-to-date: /ws/carmy_motor_controller/install/carmy_motor_controller/lib/libcarmy_motor_controller__rosidl_typesupport_fastrtps_c.so
-- Up-to-date: /ws/carmy_motor_controller/install/carmy_motor_controller/include/carmy_motor_controller/carmy_motor_controller
-- Up-to-date: /ws/carmy_motor_controller/install/carmy_motor_controller/include/carmy_motor_controller/carmy_motor_controller/msg
-- Up-to-date: /ws/carmy_motor_controller/install/carmy_motor_controller/include/carmy_motor_controller/carmy_motor_controller/msg/detail
-- Up-to-date: /ws/carmy_motor_controller/install/carmy_motor_controller/include/carmy_motor_controller/carmy_motor_controller/msg/detail/motor_feedback__traits.hpp
-- Up-to-date: /ws/carmy_motor_controller/install/carmy_motor_controller/include/carmy_motor_controller/carmy_motor_controller/msg/detail/motor_feedback__struct.hpp
-- Up-to-date: /ws/carmy_motor_controller/install/carmy_motor_controller/include/carmy_motor_controller/carmy_motor_controller/msg/detail/motor_motion_control__traits.hpp
-- Up-to-date: /ws/carmy_motor_controller/install/carmy_motor_controller/include/carmy_motor_controller/carmy_motor_controller/msg/detail/motor_feedback__type_support.hpp
-- Up-to-date: /ws/carmy_motor_controller/install/carmy_motor_controller/include/carmy_motor_controller/carmy_motor_controller/msg/detail/motor_motion_control__builder.hpp
-- Up-to-date: /ws/carmy_motor_controller/install/carmy_motor_controller/include/carmy_motor_controller/carmy_motor_controller/msg/detail/motor_motion_control__type_support.hpp
-- Up-to-date: /ws/carmy_motor_controller/install/carmy_motor_controller/include/carmy_motor_controller/carmy_motor_controller/msg/detail/motor_motion_control__struct.hpp
-- Up-to-date: /ws/carmy_motor_controller/install/carmy_motor_controller/include/carmy_motor_controller/carmy_motor_controller/msg/detail/motor_feedback__builder.hpp
-- Up-to-date: /ws/carmy_motor_controller/install/carmy_motor_controller/include/carmy_motor_controller/carmy_motor_controller/msg/rosidl_generator_cpp__visibility_control.hpp
-- Up-to-date: /ws/carmy_motor_controller/install/carmy_motor_controller/include/carmy_motor_controller/carmy_motor_controller/msg/motor_feedback.hpp
-- Up-to-date: /ws/carmy_motor_controller/install/carmy_motor_controller/include/carmy_motor_controller/carmy_motor_controller/msg/motor_motion_control.hpp
-- Up-to-date: /ws/carmy_motor_controller/install/carmy_motor_controller/include/carmy_motor_controller/carmy_motor_controller
-- Up-to-date: /ws/carmy_motor_controller/install/carmy_motor_controller/include/carmy_motor_controller/carmy_motor_controller/msg
-- Up-to-date: /ws/carmy_motor_controller/install/carmy_motor_controller/include/carmy_motor_controller/carmy_motor_controller/msg/detail
-- Up-to-date: /ws/carmy_motor_controller/install/carmy_motor_controller/include/carmy_motor_controller/carmy_motor_controller/msg/detail/dds_fastrtps
-- Up-to-date: /ws/carmy_motor_controller/install/carmy_motor_controller/include/carmy_motor_controller/carmy_motor_controller/msg/detail/motor_feedback__rosidl_typesupport_fastrtps_cpp.hpp
-- Up-to-date: /ws/carmy_motor_controller/install/carmy_motor_controller/include/carmy_motor_controller/carmy_motor_controller/msg/detail/motor_motion_control__rosidl_typesupport_fastrtps_cpp.hpp
-- Up-to-date: /ws/carmy_motor_controller/install/carmy_motor_controller/include/carmy_motor_controller/carmy_motor_controller/msg/rosidl_typesupport_fastrtps_cpp__visibility_control.h
-- Up-to-date: /ws/carmy_motor_controller/install/carmy_motor_controller/lib/libcarmy_motor_controller__rosidl_typesupport_fastrtps_cpp.so
-- Up-to-date: /ws/carmy_motor_controller/install/carmy_motor_controller/include/carmy_motor_controller/carmy_motor_controller
-- Up-to-date: /ws/carmy_motor_controller/install/carmy_motor_controller/include/carmy_motor_controller/carmy_motor_controller/msg
-- Up-to-date: /ws/carmy_motor_controller/install/carmy_motor_controller/include/carmy_motor_controller/carmy_motor_controller/msg/detail
-- Up-to-date: /ws/carmy_motor_controller/install/carmy_motor_controller/include/carmy_motor_controller/carmy_motor_controller/msg/detail/motor_motion_control__type_support.c
-- Up-to-date: /ws/carmy_motor_controller/install/carmy_motor_controller/include/carmy_motor_controller/carmy_motor_controller/msg/detail/motor_feedback__rosidl_typesupport_introspection_c.h
-- Up-to-date: /ws/carmy_motor_controller/install/carmy_motor_controller/include/carmy_motor_controller/carmy_motor_controller/msg/detail/motor_motion_control__rosidl_typesupport_introspection_c.h
-- Up-to-date: /ws/carmy_motor_controller/install/carmy_motor_controller/include/carmy_motor_controller/carmy_motor_controller/msg/detail/motor_feedback__type_support.c
-- Up-to-date: /ws/carmy_motor_controller/install/carmy_motor_controller/include/carmy_motor_controller/carmy_motor_controller/msg/rosidl_typesupport_introspection_c__visibility_control.h
-- Up-to-date: /ws/carmy_motor_controller/install/carmy_motor_controller/lib/libcarmy_motor_controller__rosidl_typesupport_introspection_c.so
-- Up-to-date: /ws/carmy_motor_controller/install/carmy_motor_controller/lib/libcarmy_motor_controller__rosidl_typesupport_c.so
-- Up-to-date: /ws/carmy_motor_controller/install/carmy_motor_controller/include/carmy_motor_controller/carmy_motor_controller
-- Up-to-date: /ws/carmy_motor_controller/install/carmy_motor_controller/include/carmy_motor_controller/carmy_motor_controller/msg
-- Up-to-date: /ws/carmy_motor_controller/install/carmy_motor_controller/include/carmy_motor_controller/carmy_motor_controller/msg/detail
-- Up-to-date: /ws/carmy_motor_controller/install/carmy_motor_controller/include/carmy_motor_controller/carmy_motor_controller/msg/detail/motor_motion_control__rosidl_typesupport_introspection_cpp.hpp
-- Up-to-date: /ws/carmy_motor_controller/install/carmy_motor_controller/include/carmy_motor_controller/carmy_motor_controller/msg/detail/motor_motion_control__type_support.cpp
-- Up-to-date: /ws/carmy_motor_controller/install/carmy_motor_controller/include/carmy_motor_controller/carmy_motor_controller/msg/detail/motor_feedback__type_support.cpp
-- Up-to-date: /ws/carmy_motor_controller/install/carmy_motor_controller/include/carmy_motor_controller/carmy_motor_controller/msg/detail/motor_feedback__rosidl_typesupport_introspection_cpp.hpp
-- Up-to-date: /ws/carmy_motor_controller/install/carmy_motor_controller/lib/libcarmy_motor_controller__rosidl_typesupport_introspection_cpp.so
-- Up-to-date: /ws/carmy_motor_controller/install/carmy_motor_controller/lib/libcarmy_motor_controller__rosidl_typesupport_cpp.so
-- Up-to-date: /ws/carmy_motor_controller/install/carmy_motor_controller/share/carmy_motor_controller/environment/pythonpath.sh
-- Up-to-date: /ws/carmy_motor_controller/install/carmy_motor_controller/share/carmy_motor_controller/environment/pythonpath.dsv
-- Up-to-date: /ws/carmy_motor_controller/install/carmy_motor_controller/local/lib/python3.10/dist-packages/carmy_motor_controller-0.1.0-py3.10.egg-info
-- Installing: /ws/carmy_motor_controller/install/carmy_motor_controller/local/lib/python3.10/dist-packages/carmy_motor_controller-0.1.0-py3.10.egg-info/dependency_links.txt
-- Installing: /ws/carmy_motor_controller/install/carmy_motor_controller/local/lib/python3.10/dist-packages/carmy_motor_controller-0.1.0-py3.10.egg-info/SOURCES.txt
-- Installing: /ws/carmy_motor_controller/install/carmy_motor_controller/local/lib/python3.10/dist-packages/carmy_motor_controller-0.1.0-py3.10.egg-info/PKG-INFO
-- Installing: /ws/carmy_motor_controller/install/carmy_motor_controller/local/lib/python3.10/dist-packages/carmy_motor_controller-0.1.0-py3.10.egg-info/top_level.txt
-- Up-to-date: /ws/carmy_motor_controller/install/carmy_motor_controller/local/lib/python3.10/dist-packages/carmy_motor_controller
-- Up-to-date: /ws/carmy_motor_controller/install/carmy_motor_controller/local/lib/python3.10/dist-packages/carmy_motor_controller/libcarmy_motor_controller__rosidl_generator_py.so
-- Up-to-date: /ws/carmy_motor_controller/install/carmy_motor_controller/local/lib/python3.10/dist-packages/carmy_motor_controller/_carmy_motor_controller_s.ep.rosidl_typesupport_introspection_c.c
-- Up-to-date: /ws/carmy_motor_controller/install/carmy_motor_controller/local/lib/python3.10/dist-packages/carmy_motor_controller/carmy_motor_controller_s__rosidl_typesupport_fastrtps_c.cpython-310-x86_64-linux-gnu.so
-- Up-to-date: /ws/carmy_motor_controller/install/carmy_motor_controller/local/lib/python3.10/dist-packages/carmy_motor_controller/_carmy_motor_controller_s.ep.rosidl_typesupport_c.c
-- Up-to-date: /ws/carmy_motor_controller/install/carmy_motor_controller/local/lib/python3.10/dist-packages/carmy_motor_controller/carmy_motor_controller_s__rosidl_typesupport_introspection_c.cpython-310-x86_64-linux-gnu.so
-- Up-to-date: /ws/carmy_motor_controller/install/carmy_motor_controller/local/lib/python3.10/dist-packages/carmy_motor_controller/__init__.py
-- Up-to-date: /ws/carmy_motor_controller/install/carmy_motor_controller/local/lib/python3.10/dist-packages/carmy_motor_controller/_carmy_motor_controller_s.ep.rosidl_typesupport_fastrtps_c.c
-- Up-to-date: /ws/carmy_motor_controller/install/carmy_motor_controller/local/lib/python3.10/dist-packages/carmy_motor_controller/carmy_motor_controller_s__rosidl_typesupport_c.cpython-310-x86_64-linux-gnu.so
-- Up-to-date: /ws/carmy_motor_controller/install/carmy_motor_controller/local/lib/python3.10/dist-packages/carmy_motor_controller/msg
-- Up-to-date: /ws/carmy_motor_controller/install/carmy_motor_controller/local/lib/python3.10/dist-packages/carmy_motor_controller/msg/_motor_feedback.py
-- Up-to-date: /ws/carmy_motor_controller/install/carmy_motor_controller/local/lib/python3.10/dist-packages/carmy_motor_controller/msg/__init__.py
-- Up-to-date: /ws/carmy_motor_controller/install/carmy_motor_controller/local/lib/python3.10/dist-packages/carmy_motor_controller/msg/_motor_feedback_s.c
-- Up-to-date: /ws/carmy_motor_controller/install/carmy_motor_controller/local/lib/python3.10/dist-packages/carmy_motor_controller/msg/_motor_motion_control_s.c
-- Up-to-date: /ws/carmy_motor_controller/install/carmy_motor_controller/local/lib/python3.10/dist-packages/carmy_motor_controller/msg/_motor_motion_control.py
Listing '/ws/carmy_motor_controller/install/carmy_motor_controller/local/lib/python3.10/dist-packages/carmy_motor_controller'...
Listing '/ws/carmy_motor_controller/install/carmy_motor_controller/local/lib/python3.10/dist-packages/carmy_motor_controller/msg'...
-- Up-to-date: /ws/carmy_motor_controller/install/carmy_motor_controller/local/lib/python3.10/dist-packages/carmy_motor_controller/carmy_motor_controller_s__rosidl_typesupport_fastrtps_c.cpython-310-x86_64-linux-gnu.so
-- Up-to-date: /ws/carmy_motor_controller/install/carmy_motor_controller/local/lib/python3.10/dist-packages/carmy_motor_controller/carmy_motor_controller_s__rosidl_typesupport_introspection_c.cpython-310-x86_64-linux-gnu.so
-- Up-to-date: /ws/carmy_motor_controller/install/carmy_motor_controller/local/lib/python3.10/dist-packages/carmy_motor_controller/carmy_motor_controller_s__rosidl_typesupport_c.cpython-310-x86_64-linux-gnu.so
-- Up-to-date: /ws/carmy_motor_controller/install/carmy_motor_controller/lib/libcarmy_motor_controller__rosidl_generator_py.so
-- Up-to-date: /ws/carmy_motor_controller/install/carmy_motor_controller/share/ament_index/resource_index/rust_packages/carmy_motor_controller
-- Up-to-date: /ws/carmy_motor_controller/install/carmy_motor_controller/share/carmy_motor_controller/rust
-- Up-to-date: /ws/carmy_motor_controller/install/carmy_motor_controller/share/carmy_motor_controller/rust/src
-- Up-to-date: /ws/carmy_motor_controller/install/carmy_motor_controller/share/carmy_motor_controller/rust/src/msg.rs
-- Up-to-date: /ws/carmy_motor_controller/install/carmy_motor_controller/share/carmy_motor_controller/rust/src/lib.rs
-- Up-to-date: /ws/carmy_motor_controller/install/carmy_motor_controller/share/carmy_motor_controller/rust/src/msg
-- Up-to-date: /ws/carmy_motor_controller/install/carmy_motor_controller/share/carmy_motor_controller/rust/src/msg/rmw.rs
-- Up-to-date: /ws/carmy_motor_controller/install/carmy_motor_controller/share/carmy_motor_controller/rust/build.rs
-- Up-to-date: /ws/carmy_motor_controller/install/carmy_motor_controller/share/carmy_motor_controller/rust/Cargo.toml
-- Up-to-date: /ws/carmy_motor_controller/install/carmy_motor_controller/share/carmy_motor_controller/msg/MotorMotionControl.idl
-- Up-to-date: /ws/carmy_motor_controller/install/carmy_motor_controller/share/carmy_motor_controller/msg/MotorFeedback.idl
-- Up-to-date: /ws/carmy_motor_controller/install/carmy_motor_controller/share/carmy_motor_controller/msg/MotorMotionControl.msg
-- Up-to-date: /ws/carmy_motor_controller/install/carmy_motor_controller/share/carmy_motor_controller/msg/MotorFeedback.msg
-- Up-to-date: /ws/carmy_motor_controller/install/carmy_motor_controller/include
-- Up-to-date: /ws/carmy_motor_controller/install/carmy_motor_controller/include/motor_ros2
-- Up-to-date: /ws/carmy_motor_controller/install/carmy_motor_controller/include/motor_ros2/motor_cfg.h
-- Up-to-date: /ws/carmy_motor_controller/install/carmy_motor_controller/lib/libcarmy_motor_controller.so
-- Up-to-date: /ws/carmy_motor_controller/install/carmy_motor_controller/lib/carmy_motor_controller/rs_motor_ros2_node
-- Up-to-date: /ws/carmy_motor_controller/install/carmy_motor_controller/share/carmy_motor_controller/msg
-- Up-to-date: /ws/carmy_motor_controller/install/carmy_motor_controller/share/carmy_motor_controller/msg/MotorMotionControl.msg
-- Up-to-date: /ws/carmy_motor_controller/install/carmy_motor_controller/share/carmy_motor_controller/msg/MotorFeedback.msg
-- Up-to-date: /ws/carmy_motor_controller/install/carmy_motor_controller/share/ament_index/resource_index/package_run_dependencies/carmy_motor_controller
-- Up-to-date: /ws/carmy_motor_controller/install/carmy_motor_controller/share/ament_index/resource_index/parent_prefix_path/carmy_motor_controller
-- Up-to-date: /ws/carmy_motor_controller/install/carmy_motor_controller/share/carmy_motor_controller/environment/ament_prefix_path.sh
-- Up-to-date: /ws/carmy_motor_controller/install/carmy_motor_controller/share/carmy_motor_controller/environment/ament_prefix_path.dsv
-- Up-to-date: /ws/carmy_motor_controller/install/carmy_motor_controller/share/carmy_motor_controller/environment/path.sh
-- Up-to-date: /ws/carmy_motor_controller/install/carmy_motor_controller/share/carmy_motor_controller/environment/path.dsv
-- Up-to-date: /ws/carmy_motor_controller/install/carmy_motor_controller/share/carmy_motor_controller/local_setup.bash
-- Up-to-date: /ws/carmy_motor_controller/install/carmy_motor_controller/share/carmy_motor_controller/local_setup.sh
-- Up-to-date: /ws/carmy_motor_controller/install/carmy_motor_controller/share/carmy_motor_controller/local_setup.zsh
-- Up-to-date: /ws/carmy_motor_controller/install/carmy_motor_controller/share/carmy_motor_controller/local_setup.dsv
-- Installing: /ws/carmy_motor_controller/install/carmy_motor_controller/share/carmy_motor_controller/package.dsv
-- Up-to-date: /ws/carmy_motor_controller/install/carmy_motor_controller/share/ament_index/resource_index/packages/carmy_motor_controller
-- Up-to-date: /ws/carmy_motor_controller/install/carmy_motor_controller/share/carmy_motor_controller/cmake/export_carmy_motor_controller__rosidl_generator_cExport.cmake
-- Up-to-date: /ws/carmy_motor_controller/install/carmy_motor_controller/share/carmy_motor_controller/cmake/export_carmy_motor_controller__rosidl_generator_cExport-noconfig.cmake
-- Up-to-date: /ws/carmy_motor_controller/install/carmy_motor_controller/share/carmy_motor_controller/cmake/export_carmy_motor_controller__rosidl_typesupport_fastrtps_cExport.cmake
-- Up-to-date: /ws/carmy_motor_controller/install/carmy_motor_controller/share/carmy_motor_controller/cmake/export_carmy_motor_controller__rosidl_typesupport_fastrtps_cExport-noconfig.cmake
-- Up-to-date: /ws/carmy_motor_controller/install/carmy_motor_controller/share/carmy_motor_controller/cmake/export_carmy_motor_controller__rosidl_generator_cppExport.cmake
-- Up-to-date: /ws/carmy_motor_controller/install/carmy_motor_controller/share/carmy_motor_controller/cmake/export_carmy_motor_controller__rosidl_typesupport_fastrtps_cppExport.cmake
-- Up-to-date: /ws/carmy_motor_controller/install/carmy_motor_controller/share/carmy_motor_controller/cmake/export_carmy_motor_controller__rosidl_typesupport_fastrtps_cppExport-noconfig.cmake
-- Up-to-date: /ws/carmy_motor_controller/install/carmy_motor_controller/share/carmy_motor_controller/cmake/carmy_motor_controller__rosidl_typesupport_introspection_cExport.cmake
-- Up-to-date: /ws/carmy_motor_controller/install/carmy_motor_controller/share/carmy_motor_controller/cmake/carmy_motor_controller__rosidl_typesupport_introspection_cExport-noconfig.cmake
-- Up-to-date: /ws/carmy_motor_controller/install/carmy_motor_controller/share/carmy_motor_controller/cmake/carmy_motor_controller__rosidl_typesupport_cExport.cmake
-- Up-to-date: /ws/carmy_motor_controller/install/carmy_motor_controller/share/carmy_motor_controller/cmake/carmy_motor_controller__rosidl_typesupport_cExport-noconfig.cmake
-- Up-to-date: /ws/carmy_motor_controller/install/carmy_motor_controller/share/carmy_motor_controller/cmake/carmy_motor_controller__rosidl_typesupport_introspection_cppExport.cmake
-- Up-to-date: /ws/carmy_motor_controller/install/carmy_motor_controller/share/carmy_motor_controller/cmake/carmy_motor_controller__rosidl_typesupport_introspection_cppExport-noconfig.cmake
-- Up-to-date: /ws/carmy_motor_controller/install/carmy_motor_controller/share/carmy_motor_controller/cmake/carmy_motor_controller__rosidl_typesupport_cppExport.cmake
-- Up-to-date: /ws/carmy_motor_controller/install/carmy_motor_controller/share/carmy_motor_controller/cmake/carmy_motor_controller__rosidl_typesupport_cppExport-noconfig.cmake
-- Up-to-date: /ws/carmy_motor_controller/install/carmy_motor_controller/share/carmy_motor_controller/cmake/export_carmy_motor_controller__rosidl_generator_pyExport.cmake
-- Up-to-date: /ws/carmy_motor_controller/install/carmy_motor_controller/share/carmy_motor_controller/cmake/export_carmy_motor_controller__rosidl_generator_pyExport-noconfig.cmake
-- Up-to-date: /ws/carmy_motor_controller/install/carmy_motor_controller/share/carmy_motor_controller/cmake/rosidl_cmake-extras.cmake
-- Up-to-date: /ws/carmy_motor_controller/install/carmy_motor_controller/share/carmy_motor_controller/cmake/ament_cmake_export_dependencies-extras.cmake
-- Up-to-date: /ws/carmy_motor_controller/install/carmy_motor_controller/share/carmy_motor_controller/cmake/ament_cmake_export_include_directories-extras.cmake
-- Up-to-date: /ws/carmy_motor_controller/install/carmy_motor_controller/share/carmy_motor_controller/cmake/ament_cmake_export_libraries-extras.cmake
-- Up-to-date: /ws/carmy_motor_controller/install/carmy_motor_controller/share/carmy_motor_controller/cmake/ament_cmake_export_targets-extras.cmake
-- Up-to-date: /ws/carmy_motor_controller/install/carmy_motor_controller/share/carmy_motor_controller/cmake/rosidl_cmake_export_typesupport_targets-extras.cmake
-- Up-to-date: /ws/carmy_motor_controller/install/carmy_motor_controller/share/carmy_motor_controller/cmake/rosidl_cmake_export_typesupport_libraries-extras.cmake
-- Up-to-date: /ws/carmy_motor_controller/install/carmy_motor_controller/share/carmy_motor_controller/cmake/rosidl_cmake_aggregate_target-extras.cmake
-- Up-to-date: /ws/carmy_motor_controller/install/carmy_motor_controller/share/carmy_motor_controller/cmake/carmy_motor_controllerConfig.cmake
-- Up-to-date: /ws/carmy_motor_controller/install/carmy_motor_controller/share/carmy_motor_controller/cmake/carmy_motor_controllerConfig-version.cmake
-- Up-to-date: /ws/carmy_motor_controller/install/carmy_motor_controller/share/carmy_motor_controller/package.xml
