[0.016s] Invoking command in '/ws/carmy_motor_controller/build/carmy_motor_controller': CMAKE_PREFIX_PATH=/opt/ros/humble /usr/bin/cmake --build /ws/carmy_motor_controller/build/carmy_motor_controller -- -j12 -l12
[0.240s] [  2%] Built target carmy_motor_controller__rs
[0.285s] [  4%] Built target carmy_motor_controller__cpp
[0.289s] [  4%] Built target ament_cmake_python_copy_carmy_motor_controller
[0.294s] [ 13%] Built target carmy_motor_controller__rosidl_generator_c
[0.304s] [ 18%] Built target carmy_motor_controller_lib
[0.330s] [ 34%] Built target carmy_motor_controller__rosidl_typesupport_introspection_cpp
[0.330s] [ 36%] Built target carmy_motor_controller__rosidl_typesupport_fastrtps_cpp
[0.338s] [ 54%] Built target carmy_motor_controller__rosidl_typesupport_c
[0.339s] [ 54%] Built target carmy_motor_controller__rosidl_typesupport_cpp
[0.343s] [ 63%] Built target carmy_motor_controller__rosidl_typesupport_introspection_c
[0.343s] [ 72%] Built target carmy_motor_controller__rosidl_typesupport_fastrtps_c
[0.368s] [ 72%] Built target carmy_motor_controller
[0.394s] [ 75%] Built target carmy_motor_controller__py
[0.404s] [ 79%] Built target rs_motor_ros2_node
[0.423s] [ 86%] Built target carmy_motor_controller__rosidl_generator_py
[0.445s] [ 90%] Built target carmy_motor_controller__rosidl_typesupport_introspection_c__pyext
[0.449s] [100%] Built target carmy_motor_controller__rosidl_typesupport_fastrtps_c__pyext
[0.449s] [100%] Built target carmy_motor_controller__rosidl_typesupport_c__pyext
[0.487s] running egg_info
[0.487s] writing carmy_motor_controller.egg-info/PKG-INFO
[0.487s] writing dependency_links to carmy_motor_controller.egg-info/dependency_links.txt
[0.488s] writing top-level names to carmy_motor_controller.egg-info/top_level.txt
[0.490s] reading manifest file 'carmy_motor_controller.egg-info/SOURCES.txt'
[0.490s] writing manifest file 'carmy_motor_controller.egg-info/SOURCES.txt'
[0.515s] [100%] Built target ament_cmake_python_build_carmy_motor_controller_egg
[0.534s] Invoked command in '/ws/carmy_motor_controller/build/carmy_motor_controller' returned '0': CMAKE_PREFIX_PATH=/opt/ros/humble /usr/bin/cmake --build /ws/carmy_motor_controller/build/carmy_motor_controller -- -j12 -l12
[0.558s] Invoking command in '/ws/carmy_motor_controller/build/carmy_motor_controller': CMAKE_PREFIX_PATH=/opt/ros/humble /usr/bin/cmake --install /ws/carmy_motor_controller/build/carmy_motor_controller
[0.581s] -- Install configuration: ""
[0.581s] -- Up-to-date: /ws/carmy_motor_controller/install/carmy_motor_controller/share/ament_index/resource_index/rosidl_interfaces/carmy_motor_controller
[0.581s] -- Up-to-date: /ws/carmy_motor_controller/install/carmy_motor_controller/include/carmy_motor_controller/carmy_motor_controller
[0.581s] -- Up-to-date: /ws/carmy_motor_controller/install/carmy_motor_controller/include/carmy_motor_controller/carmy_motor_controller/msg
[0.582s] -- Up-to-date: /ws/carmy_motor_controller/install/carmy_motor_controller/include/carmy_motor_controller/carmy_motor_controller/msg/detail
[0.582s] -- Up-to-date: /ws/carmy_motor_controller/install/carmy_motor_controller/include/carmy_motor_controller/carmy_motor_controller/msg/detail/motor_feedback__type_support.h
[0.582s] -- Up-to-date: /ws/carmy_motor_controller/install/carmy_motor_controller/include/carmy_motor_controller/carmy_motor_controller/msg/detail/motor_motion_control__functions.h
[0.582s] -- Up-to-date: /ws/carmy_motor_controller/install/carmy_motor_controller/include/carmy_motor_controller/carmy_motor_controller/msg/detail/motor_motion_control__struct.h
[0.582s] -- Up-to-date: /ws/carmy_motor_controller/install/carmy_motor_controller/include/carmy_motor_controller/carmy_motor_controller/msg/detail/motor_motion_control__functions.c
[0.582s] -- Up-to-date: /ws/carmy_motor_controller/install/carmy_motor_controller/include/carmy_motor_controller/carmy_motor_controller/msg/detail/motor_feedback__struct.h
[0.583s] -- Up-to-date: /ws/carmy_motor_controller/install/carmy_motor_controller/include/carmy_motor_controller/carmy_motor_controller/msg/detail/motor_feedback__functions.c
[0.583s] -- Up-to-date: /ws/carmy_motor_controller/install/carmy_motor_controller/include/carmy_motor_controller/carmy_motor_controller/msg/detail/motor_motion_control__type_support.h
[0.583s] -- Up-to-date: /ws/carmy_motor_controller/install/carmy_motor_controller/include/carmy_motor_controller/carmy_motor_controller/msg/detail/motor_feedback__functions.h
[0.583s] -- Up-to-date: /ws/carmy_motor_controller/install/carmy_motor_controller/include/carmy_motor_controller/carmy_motor_controller/msg/motor_motion_control.h
[0.583s] -- Up-to-date: /ws/carmy_motor_controller/install/carmy_motor_controller/include/carmy_motor_controller/carmy_motor_controller/msg/motor_feedback.h
[0.583s] -- Up-to-date: /ws/carmy_motor_controller/install/carmy_motor_controller/include/carmy_motor_controller/carmy_motor_controller/msg/rosidl_generator_c__visibility_control.h
[0.583s] -- Up-to-date: /ws/carmy_motor_controller/install/carmy_motor_controller/share/carmy_motor_controller/environment/library_path.sh
[0.584s] -- Up-to-date: /ws/carmy_motor_controller/install/carmy_motor_controller/share/carmy_motor_controller/environment/library_path.dsv
[0.584s] -- Up-to-date: /ws/carmy_motor_controller/install/carmy_motor_controller/lib/libcarmy_motor_controller__rosidl_generator_c.so
[0.584s] -- Up-to-date: /ws/carmy_motor_controller/install/carmy_motor_controller/include/carmy_motor_controller/carmy_motor_controller
[0.585s] -- Up-to-date: /ws/carmy_motor_controller/install/carmy_motor_controller/include/carmy_motor_controller/carmy_motor_controller/msg
[0.585s] -- Up-to-date: /ws/carmy_motor_controller/install/carmy_motor_controller/include/carmy_motor_controller/carmy_motor_controller/msg/detail
[0.585s] -- Up-to-date: /ws/carmy_motor_controller/install/carmy_motor_controller/include/carmy_motor_controller/carmy_motor_controller/msg/detail/motor_motion_control__rosidl_typesupport_fastrtps_c.h
[0.586s] -- Up-to-date: /ws/carmy_motor_controller/install/carmy_motor_controller/include/carmy_motor_controller/carmy_motor_controller/msg/detail/motor_feedback__rosidl_typesupport_fastrtps_c.h
[0.586s] -- Up-to-date: /ws/carmy_motor_controller/install/carmy_motor_controller/include/carmy_motor_controller/carmy_motor_controller/msg/rosidl_typesupport_fastrtps_c__visibility_control.h
[0.586s] -- Up-to-date: /ws/carmy_motor_controller/install/carmy_motor_controller/lib/libcarmy_motor_controller__rosidl_typesupport_fastrtps_c.so
[0.586s] -- Up-to-date: /ws/carmy_motor_controller/install/carmy_motor_controller/include/carmy_motor_controller/carmy_motor_controller
[0.587s] -- Up-to-date: /ws/carmy_motor_controller/install/carmy_motor_controller/include/carmy_motor_controller/carmy_motor_controller/msg
[0.587s] -- Up-to-date: /ws/carmy_motor_controller/install/carmy_motor_controller/include/carmy_motor_controller/carmy_motor_controller/msg/detail
[0.587s] -- Up-to-date: /ws/carmy_motor_controller/install/carmy_motor_controller/include/carmy_motor_controller/carmy_motor_controller/msg/detail/motor_feedback__traits.hpp
[0.587s] -- Up-to-date: /ws/carmy_motor_controller/install/carmy_motor_controller/include/carmy_motor_controller/carmy_motor_controller/msg/detail/motor_feedback__struct.hpp
[0.587s] -- Up-to-date: /ws/carmy_motor_controller/install/carmy_motor_controller/include/carmy_motor_controller/carmy_motor_controller/msg/detail/motor_motion_control__traits.hpp
[0.588s] -- Up-to-date: /ws/carmy_motor_controller/install/carmy_motor_controller/include/carmy_motor_controller/carmy_motor_controller/msg/detail/motor_feedback__type_support.hpp
[0.588s] -- Up-to-date: /ws/carmy_motor_controller/install/carmy_motor_controller/include/carmy_motor_controller/carmy_motor_controller/msg/detail/motor_motion_control__builder.hpp
[0.588s] -- Up-to-date: /ws/carmy_motor_controller/install/carmy_motor_controller/include/carmy_motor_controller/carmy_motor_controller/msg/detail/motor_motion_control__type_support.hpp
[0.589s] -- Up-to-date: /ws/carmy_motor_controller/install/carmy_motor_controller/include/carmy_motor_controller/carmy_motor_controller/msg/detail/motor_motion_control__struct.hpp
[0.589s] -- Up-to-date: /ws/carmy_motor_controller/install/carmy_motor_controller/include/carmy_motor_controller/carmy_motor_controller/msg/detail/motor_feedback__builder.hpp
[0.589s] -- Up-to-date: /ws/carmy_motor_controller/install/carmy_motor_controller/include/carmy_motor_controller/carmy_motor_controller/msg/rosidl_generator_cpp__visibility_control.hpp
[0.589s] -- Up-to-date: /ws/carmy_motor_controller/install/carmy_motor_controller/include/carmy_motor_controller/carmy_motor_controller/msg/motor_feedback.hpp
[0.590s] -- Up-to-date: /ws/carmy_motor_controller/install/carmy_motor_controller/include/carmy_motor_controller/carmy_motor_controller/msg/motor_motion_control.hpp
[0.590s] -- Up-to-date: /ws/carmy_motor_controller/install/carmy_motor_controller/include/carmy_motor_controller/carmy_motor_controller
[0.590s] -- Up-to-date: /ws/carmy_motor_controller/install/carmy_motor_controller/include/carmy_motor_controller/carmy_motor_controller/msg
[0.590s] -- Up-to-date: /ws/carmy_motor_controller/install/carmy_motor_controller/include/carmy_motor_controller/carmy_motor_controller/msg/detail
[0.590s] -- Up-to-date: /ws/carmy_motor_controller/install/carmy_motor_controller/include/carmy_motor_controller/carmy_motor_controller/msg/detail/dds_fastrtps
[0.591s] -- Up-to-date: /ws/carmy_motor_controller/install/carmy_motor_controller/include/carmy_motor_controller/carmy_motor_controller/msg/detail/motor_feedback__rosidl_typesupport_fastrtps_cpp.hpp
[0.591s] -- Up-to-date: /ws/carmy_motor_controller/install/carmy_motor_controller/include/carmy_motor_controller/carmy_motor_controller/msg/detail/motor_motion_control__rosidl_typesupport_fastrtps_cpp.hpp
[0.591s] -- Up-to-date: /ws/carmy_motor_controller/install/carmy_motor_controller/include/carmy_motor_controller/carmy_motor_controller/msg/rosidl_typesupport_fastrtps_cpp__visibility_control.h
[0.591s] -- Up-to-date: /ws/carmy_motor_controller/install/carmy_motor_controller/lib/libcarmy_motor_controller__rosidl_typesupport_fastrtps_cpp.so
[0.591s] -- Up-to-date: /ws/carmy_motor_controller/install/carmy_motor_controller/include/carmy_motor_controller/carmy_motor_controller
[0.591s] -- Up-to-date: /ws/carmy_motor_controller/install/carmy_motor_controller/include/carmy_motor_controller/carmy_motor_controller/msg
[0.591s] -- Up-to-date: /ws/carmy_motor_controller/install/carmy_motor_controller/include/carmy_motor_controller/carmy_motor_controller/msg/detail
[0.592s] -- Up-to-date: /ws/carmy_motor_controller/install/carmy_motor_controller/include/carmy_motor_controller/carmy_motor_controller/msg/detail/motor_motion_control__type_support.c
[0.592s] -- Up-to-date: /ws/carmy_motor_controller/install/carmy_motor_controller/include/carmy_motor_controller/carmy_motor_controller/msg/detail/motor_feedback__rosidl_typesupport_introspection_c.h
[0.592s] -- Up-to-date: /ws/carmy_motor_controller/install/carmy_motor_controller/include/carmy_motor_controller/carmy_motor_controller/msg/detail/motor_motion_control__rosidl_typesupport_introspection_c.h
[0.592s] -- Up-to-date: /ws/carmy_motor_controller/install/carmy_motor_controller/include/carmy_motor_controller/carmy_motor_controller/msg/detail/motor_feedback__type_support.c
[0.592s] -- Up-to-date: /ws/carmy_motor_controller/install/carmy_motor_controller/include/carmy_motor_controller/carmy_motor_controller/msg/rosidl_typesupport_introspection_c__visibility_control.h
[0.593s] -- Up-to-date: /ws/carmy_motor_controller/install/carmy_motor_controller/lib/libcarmy_motor_controller__rosidl_typesupport_introspection_c.so
[0.593s] -- Up-to-date: /ws/carmy_motor_controller/install/carmy_motor_controller/lib/libcarmy_motor_controller__rosidl_typesupport_c.so
[0.593s] -- Up-to-date: /ws/carmy_motor_controller/install/carmy_motor_controller/include/carmy_motor_controller/carmy_motor_controller
[0.593s] -- Up-to-date: /ws/carmy_motor_controller/install/carmy_motor_controller/include/carmy_motor_controller/carmy_motor_controller/msg
[0.593s] -- Up-to-date: /ws/carmy_motor_controller/install/carmy_motor_controller/include/carmy_motor_controller/carmy_motor_controller/msg/detail
[0.594s] -- Up-to-date: /ws/carmy_motor_controller/install/carmy_motor_controller/include/carmy_motor_controller/carmy_motor_controller/msg/detail/motor_motion_control__rosidl_typesupport_introspection_cpp.hpp
[0.594s] -- Up-to-date: /ws/carmy_motor_controller/install/carmy_motor_controller/include/carmy_motor_controller/carmy_motor_controller/msg/detail/motor_motion_control__type_support.cpp
[0.594s] -- Up-to-date: /ws/carmy_motor_controller/install/carmy_motor_controller/include/carmy_motor_controller/carmy_motor_controller/msg/detail/motor_feedback__type_support.cpp
[0.594s] -- Up-to-date: /ws/carmy_motor_controller/install/carmy_motor_controller/include/carmy_motor_controller/carmy_motor_controller/msg/detail/motor_feedback__rosidl_typesupport_introspection_cpp.hpp
[0.594s] -- Up-to-date: /ws/carmy_motor_controller/install/carmy_motor_controller/lib/libcarmy_motor_controller__rosidl_typesupport_introspection_cpp.so
[0.595s] -- Up-to-date: /ws/carmy_motor_controller/install/carmy_motor_controller/lib/libcarmy_motor_controller__rosidl_typesupport_cpp.so
[0.595s] -- Up-to-date: /ws/carmy_motor_controller/install/carmy_motor_controller/share/carmy_motor_controller/environment/pythonpath.sh
[0.595s] -- Up-to-date: /ws/carmy_motor_controller/install/carmy_motor_controller/share/carmy_motor_controller/environment/pythonpath.dsv
[0.595s] -- Up-to-date: /ws/carmy_motor_controller/install/carmy_motor_controller/local/lib/python3.10/dist-packages/carmy_motor_controller-0.1.0-py3.10.egg-info
[0.595s] -- Installing: /ws/carmy_motor_controller/install/carmy_motor_controller/local/lib/python3.10/dist-packages/carmy_motor_controller-0.1.0-py3.10.egg-info/dependency_links.txt
[0.595s] -- Installing: /ws/carmy_motor_controller/install/carmy_motor_controller/local/lib/python3.10/dist-packages/carmy_motor_controller-0.1.0-py3.10.egg-info/SOURCES.txt
[0.595s] -- Installing: /ws/carmy_motor_controller/install/carmy_motor_controller/local/lib/python3.10/dist-packages/carmy_motor_controller-0.1.0-py3.10.egg-info/PKG-INFO
[0.595s] -- Installing: /ws/carmy_motor_controller/install/carmy_motor_controller/local/lib/python3.10/dist-packages/carmy_motor_controller-0.1.0-py3.10.egg-info/top_level.txt
[0.596s] -- Up-to-date: /ws/carmy_motor_controller/install/carmy_motor_controller/local/lib/python3.10/dist-packages/carmy_motor_controller
[0.596s] -- Up-to-date: /ws/carmy_motor_controller/install/carmy_motor_controller/local/lib/python3.10/dist-packages/carmy_motor_controller/libcarmy_motor_controller__rosidl_generator_py.so
[0.597s] -- Up-to-date: /ws/carmy_motor_controller/install/carmy_motor_controller/local/lib/python3.10/dist-packages/carmy_motor_controller/_carmy_motor_controller_s.ep.rosidl_typesupport_introspection_c.c
[0.597s] -- Up-to-date: /ws/carmy_motor_controller/install/carmy_motor_controller/local/lib/python3.10/dist-packages/carmy_motor_controller/carmy_motor_controller_s__rosidl_typesupport_fastrtps_c.cpython-310-x86_64-linux-gnu.so
[0.597s] -- Up-to-date: /ws/carmy_motor_controller/install/carmy_motor_controller/local/lib/python3.10/dist-packages/carmy_motor_controller/_carmy_motor_controller_s.ep.rosidl_typesupport_c.c
[0.597s] -- Up-to-date: /ws/carmy_motor_controller/install/carmy_motor_controller/local/lib/python3.10/dist-packages/carmy_motor_controller/carmy_motor_controller_s__rosidl_typesupport_introspection_c.cpython-310-x86_64-linux-gnu.so
[0.597s] -- Up-to-date: /ws/carmy_motor_controller/install/carmy_motor_controller/local/lib/python3.10/dist-packages/carmy_motor_controller/__init__.py
[0.598s] -- Up-to-date: /ws/carmy_motor_controller/install/carmy_motor_controller/local/lib/python3.10/dist-packages/carmy_motor_controller/_carmy_motor_controller_s.ep.rosidl_typesupport_fastrtps_c.c
[0.598s] -- Up-to-date: /ws/carmy_motor_controller/install/carmy_motor_controller/local/lib/python3.10/dist-packages/carmy_motor_controller/carmy_motor_controller_s__rosidl_typesupport_c.cpython-310-x86_64-linux-gnu.so
[0.598s] -- Up-to-date: /ws/carmy_motor_controller/install/carmy_motor_controller/local/lib/python3.10/dist-packages/carmy_motor_controller/msg
[0.599s] -- Up-to-date: /ws/carmy_motor_controller/install/carmy_motor_controller/local/lib/python3.10/dist-packages/carmy_motor_controller/msg/_motor_feedback.py
[0.599s] -- Up-to-date: /ws/carmy_motor_controller/install/carmy_motor_controller/local/lib/python3.10/dist-packages/carmy_motor_controller/msg/__init__.py
[0.599s] -- Up-to-date: /ws/carmy_motor_controller/install/carmy_motor_controller/local/lib/python3.10/dist-packages/carmy_motor_controller/msg/_motor_feedback_s.c
[0.599s] -- Up-to-date: /ws/carmy_motor_controller/install/carmy_motor_controller/local/lib/python3.10/dist-packages/carmy_motor_controller/msg/_motor_motion_control_s.c
[0.599s] -- Up-to-date: /ws/carmy_motor_controller/install/carmy_motor_controller/local/lib/python3.10/dist-packages/carmy_motor_controller/msg/_motor_motion_control.py
[0.626s] Listing '/ws/carmy_motor_controller/install/carmy_motor_controller/local/lib/python3.10/dist-packages/carmy_motor_controller'...
[0.626s] Listing '/ws/carmy_motor_controller/install/carmy_motor_controller/local/lib/python3.10/dist-packages/carmy_motor_controller/msg'...
[0.630s] -- Up-to-date: /ws/carmy_motor_controller/install/carmy_motor_controller/local/lib/python3.10/dist-packages/carmy_motor_controller/carmy_motor_controller_s__rosidl_typesupport_fastrtps_c.cpython-310-x86_64-linux-gnu.so
[0.630s] -- Up-to-date: /ws/carmy_motor_controller/install/carmy_motor_controller/local/lib/python3.10/dist-packages/carmy_motor_controller/carmy_motor_controller_s__rosidl_typesupport_introspection_c.cpython-310-x86_64-linux-gnu.so
[0.630s] -- Up-to-date: /ws/carmy_motor_controller/install/carmy_motor_controller/local/lib/python3.10/dist-packages/carmy_motor_controller/carmy_motor_controller_s__rosidl_typesupport_c.cpython-310-x86_64-linux-gnu.so
[0.630s] -- Up-to-date: /ws/carmy_motor_controller/install/carmy_motor_controller/lib/libcarmy_motor_controller__rosidl_generator_py.so
[0.630s] -- Up-to-date: /ws/carmy_motor_controller/install/carmy_motor_controller/share/ament_index/resource_index/rust_packages/carmy_motor_controller
[0.630s] -- Up-to-date: /ws/carmy_motor_controller/install/carmy_motor_controller/share/carmy_motor_controller/rust
[0.631s] -- Up-to-date: /ws/carmy_motor_controller/install/carmy_motor_controller/share/carmy_motor_controller/rust/src
[0.631s] -- Up-to-date: /ws/carmy_motor_controller/install/carmy_motor_controller/share/carmy_motor_controller/rust/src/msg.rs
[0.631s] -- Up-to-date: /ws/carmy_motor_controller/install/carmy_motor_controller/share/carmy_motor_controller/rust/src/lib.rs
[0.631s] -- Up-to-date: /ws/carmy_motor_controller/install/carmy_motor_controller/share/carmy_motor_controller/rust/src/msg
[0.631s] -- Up-to-date: /ws/carmy_motor_controller/install/carmy_motor_controller/share/carmy_motor_controller/rust/src/msg/rmw.rs
[0.631s] -- Up-to-date: /ws/carmy_motor_controller/install/carmy_motor_controller/share/carmy_motor_controller/rust/build.rs
[0.631s] -- Up-to-date: /ws/carmy_motor_controller/install/carmy_motor_controller/share/carmy_motor_controller/rust/Cargo.toml
[0.631s] -- Up-to-date: /ws/carmy_motor_controller/install/carmy_motor_controller/share/carmy_motor_controller/msg/MotorMotionControl.idl
[0.631s] -- Up-to-date: /ws/carmy_motor_controller/install/carmy_motor_controller/share/carmy_motor_controller/msg/MotorFeedback.idl
[0.631s] -- Up-to-date: /ws/carmy_motor_controller/install/carmy_motor_controller/share/carmy_motor_controller/msg/MotorMotionControl.msg
[0.631s] -- Up-to-date: /ws/carmy_motor_controller/install/carmy_motor_controller/share/carmy_motor_controller/msg/MotorFeedback.msg
[0.631s] -- Up-to-date: /ws/carmy_motor_controller/install/carmy_motor_controller/include
[0.631s] -- Up-to-date: /ws/carmy_motor_controller/install/carmy_motor_controller/include/motor_ros2
[0.631s] -- Up-to-date: /ws/carmy_motor_controller/install/carmy_motor_controller/include/motor_ros2/motor_cfg.h
[0.631s] -- Up-to-date: /ws/carmy_motor_controller/install/carmy_motor_controller/lib/libcarmy_motor_controller.so
[0.631s] -- Up-to-date: /ws/carmy_motor_controller/install/carmy_motor_controller/lib/carmy_motor_controller/rs_motor_ros2_node
[0.631s] -- Up-to-date: /ws/carmy_motor_controller/install/carmy_motor_controller/share/carmy_motor_controller/msg
[0.632s] -- Up-to-date: /ws/carmy_motor_controller/install/carmy_motor_controller/share/carmy_motor_controller/msg/MotorMotionControl.msg
[0.632s] -- Up-to-date: /ws/carmy_motor_controller/install/carmy_motor_controller/share/carmy_motor_controller/msg/MotorFeedback.msg
[0.632s] -- Up-to-date: /ws/carmy_motor_controller/install/carmy_motor_controller/share/ament_index/resource_index/package_run_dependencies/carmy_motor_controller
[0.632s] -- Up-to-date: /ws/carmy_motor_controller/install/carmy_motor_controller/share/ament_index/resource_index/parent_prefix_path/carmy_motor_controller
[0.632s] -- Up-to-date: /ws/carmy_motor_controller/install/carmy_motor_controller/share/carmy_motor_controller/environment/ament_prefix_path.sh
[0.632s] -- Up-to-date: /ws/carmy_motor_controller/install/carmy_motor_controller/share/carmy_motor_controller/environment/ament_prefix_path.dsv
[0.632s] -- Up-to-date: /ws/carmy_motor_controller/install/carmy_motor_controller/share/carmy_motor_controller/environment/path.sh
[0.632s] -- Up-to-date: /ws/carmy_motor_controller/install/carmy_motor_controller/share/carmy_motor_controller/environment/path.dsv
[0.632s] -- Up-to-date: /ws/carmy_motor_controller/install/carmy_motor_controller/share/carmy_motor_controller/local_setup.bash
[0.632s] -- Up-to-date: /ws/carmy_motor_controller/install/carmy_motor_controller/share/carmy_motor_controller/local_setup.sh
[0.632s] -- Up-to-date: /ws/carmy_motor_controller/install/carmy_motor_controller/share/carmy_motor_controller/local_setup.zsh
[0.632s] -- Up-to-date: /ws/carmy_motor_controller/install/carmy_motor_controller/share/carmy_motor_controller/local_setup.dsv
[0.632s] -- Installing: /ws/carmy_motor_controller/install/carmy_motor_controller/share/carmy_motor_controller/package.dsv
[0.632s] -- Up-to-date: /ws/carmy_motor_controller/install/carmy_motor_controller/share/ament_index/resource_index/packages/carmy_motor_controller
[0.633s] -- Up-to-date: /ws/carmy_motor_controller/install/carmy_motor_controller/share/carmy_motor_controller/cmake/export_carmy_motor_controller__rosidl_generator_cExport.cmake
[0.633s] -- Up-to-date: /ws/carmy_motor_controller/install/carmy_motor_controller/share/carmy_motor_controller/cmake/export_carmy_motor_controller__rosidl_generator_cExport-noconfig.cmake
[0.633s] -- Up-to-date: /ws/carmy_motor_controller/install/carmy_motor_controller/share/carmy_motor_controller/cmake/export_carmy_motor_controller__rosidl_typesupport_fastrtps_cExport.cmake
[0.633s] -- Up-to-date: /ws/carmy_motor_controller/install/carmy_motor_controller/share/carmy_motor_controller/cmake/export_carmy_motor_controller__rosidl_typesupport_fastrtps_cExport-noconfig.cmake
[0.633s] -- Up-to-date: /ws/carmy_motor_controller/install/carmy_motor_controller/share/carmy_motor_controller/cmake/export_carmy_motor_controller__rosidl_generator_cppExport.cmake
[0.633s] -- Up-to-date: /ws/carmy_motor_controller/install/carmy_motor_controller/share/carmy_motor_controller/cmake/export_carmy_motor_controller__rosidl_typesupport_fastrtps_cppExport.cmake
[0.633s] -- Up-to-date: /ws/carmy_motor_controller/install/carmy_motor_controller/share/carmy_motor_controller/cmake/export_carmy_motor_controller__rosidl_typesupport_fastrtps_cppExport-noconfig.cmake
[0.634s] -- Up-to-date: /ws/carmy_motor_controller/install/carmy_motor_controller/share/carmy_motor_controller/cmake/carmy_motor_controller__rosidl_typesupport_introspection_cExport.cmake
[0.634s] -- Up-to-date: /ws/carmy_motor_controller/install/carmy_motor_controller/share/carmy_motor_controller/cmake/carmy_motor_controller__rosidl_typesupport_introspection_cExport-noconfig.cmake
[0.634s] -- Up-to-date: /ws/carmy_motor_controller/install/carmy_motor_controller/share/carmy_motor_controller/cmake/carmy_motor_controller__rosidl_typesupport_cExport.cmake
[0.634s] -- Up-to-date: /ws/carmy_motor_controller/install/carmy_motor_controller/share/carmy_motor_controller/cmake/carmy_motor_controller__rosidl_typesupport_cExport-noconfig.cmake
[0.634s] -- Up-to-date: /ws/carmy_motor_controller/install/carmy_motor_controller/share/carmy_motor_controller/cmake/carmy_motor_controller__rosidl_typesupport_introspection_cppExport.cmake
[0.635s] -- Up-to-date: /ws/carmy_motor_controller/install/carmy_motor_controller/share/carmy_motor_controller/cmake/carmy_motor_controller__rosidl_typesupport_introspection_cppExport-noconfig.cmake
[0.635s] -- Up-to-date: /ws/carmy_motor_controller/install/carmy_motor_controller/share/carmy_motor_controller/cmake/carmy_motor_controller__rosidl_typesupport_cppExport.cmake
[0.635s] -- Up-to-date: /ws/carmy_motor_controller/install/carmy_motor_controller/share/carmy_motor_controller/cmake/carmy_motor_controller__rosidl_typesupport_cppExport-noconfig.cmake
[0.635s] -- Up-to-date: /ws/carmy_motor_controller/install/carmy_motor_controller/share/carmy_motor_controller/cmake/export_carmy_motor_controller__rosidl_generator_pyExport.cmake
[0.635s] -- Up-to-date: /ws/carmy_motor_controller/install/carmy_motor_controller/share/carmy_motor_controller/cmake/export_carmy_motor_controller__rosidl_generator_pyExport-noconfig.cmake
[0.636s] -- Up-to-date: /ws/carmy_motor_controller/install/carmy_motor_controller/share/carmy_motor_controller/cmake/rosidl_cmake-extras.cmake
[0.636s] -- Up-to-date: /ws/carmy_motor_controller/install/carmy_motor_controller/share/carmy_motor_controller/cmake/ament_cmake_export_dependencies-extras.cmake
[0.636s] -- Up-to-date: /ws/carmy_motor_controller/install/carmy_motor_controller/share/carmy_motor_controller/cmake/ament_cmake_export_include_directories-extras.cmake
[0.636s] -- Up-to-date: /ws/carmy_motor_controller/install/carmy_motor_controller/share/carmy_motor_controller/cmake/ament_cmake_export_libraries-extras.cmake
[0.636s] -- Up-to-date: /ws/carmy_motor_controller/install/carmy_motor_controller/share/carmy_motor_controller/cmake/ament_cmake_export_targets-extras.cmake
[0.636s] -- Up-to-date: /ws/carmy_motor_controller/install/carmy_motor_controller/share/carmy_motor_controller/cmake/rosidl_cmake_export_typesupport_targets-extras.cmake
[0.636s] -- Up-to-date: /ws/carmy_motor_controller/install/carmy_motor_controller/share/carmy_motor_controller/cmake/rosidl_cmake_export_typesupport_libraries-extras.cmake
[0.636s] -- Up-to-date: /ws/carmy_motor_controller/install/carmy_motor_controller/share/carmy_motor_controller/cmake/rosidl_cmake_aggregate_target-extras.cmake
[0.636s] -- Up-to-date: /ws/carmy_motor_controller/install/carmy_motor_controller/share/carmy_motor_controller/cmake/carmy_motor_controllerConfig.cmake
[0.636s] -- Up-to-date: /ws/carmy_motor_controller/install/carmy_motor_controller/share/carmy_motor_controller/cmake/carmy_motor_controllerConfig-version.cmake
[0.636s] -- Up-to-date: /ws/carmy_motor_controller/install/carmy_motor_controller/share/carmy_motor_controller/package.xml
[0.640s] Invoked command in '/ws/carmy_motor_controller/build/carmy_motor_controller' returned '0': CMAKE_PREFIX_PATH=/opt/ros/humble /usr/bin/cmake --install /ws/carmy_motor_controller/build/carmy_motor_controller
