[0.000000] (-) TimerEvent: {}
[0.000237] (carmy_motor_controller) JobQueued: {'identifier': 'carmy_motor_controller', 'dependencies': OrderedDict()}
[0.000579] (carmy_motor_controller) JobStarted: {'identifier': 'carmy_motor_controller'}
[0.012880] (carmy_motor_controller) JobProgress: {'identifier': 'carmy_motor_controller', 'progress': 'cmake'}
[0.014505] (carmy_motor_controller) JobProgress: {'identifier': 'carmy_motor_controller', 'progress': 'build'}
[0.015865] (carmy_motor_controller) Command: {'cmd': ['/usr/bin/cmake', '--build', '/ws/carmy_motor_controller/build/carmy_motor_controller', '--', '-j12', '-l12'], 'cwd': '/ws/carmy_motor_controller/build/carmy_motor_controller', 'env': OrderedDict([('HOSTNAME', 'Tinkerbox'), ('SHLVL', '1'), ('LD_LIBRARY_PATH', '/opt/ros/humble/opt/rviz_ogre_vendor/lib:/opt/ros/humble/lib/x86_64-linux-gnu:/opt/ros/humble/lib'), ('HOME', '/root'), ('OLDPWD', '/ws/carmy_motor_controller'), ('ROS_PYTHON_VERSION', '3'), ('ROS_DISTRO', 'humble'), ('_', '/usr/bin/colcon'), ('ROS_VERSION', '2'), ('TERM', 'xterm'), ('ROS_LOCALHOST_ONLY', '0'), ('PATH', '/opt/ros/humble/bin:/usr/local/sbin:/usr/local/bin:/usr/sbin:/usr/bin:/sbin:/bin'), ('DISPLAY', ':0'), ('LANG', 'C.UTF-8'), ('AMENT_PREFIX_PATH', '/opt/ros/humble'), ('DEBIAN_FRONTEND', 'noninteractive'), ('PWD', '/ws/carmy_motor_controller/build/carmy_motor_controller'), ('LC_ALL', 'C.UTF-8'), ('PYTHONPATH', '/opt/ros/humble/lib/python3.10/site-packages:/opt/ros/humble/local/lib/python3.10/dist-packages'), ('COLCON', '1'), ('CMAKE_PREFIX_PATH', '/opt/ros/humble')]), 'shell': False}
[0.099969] (-) TimerEvent: {}
[0.200727] (-) TimerEvent: {}
[0.240469] (carmy_motor_controller) StdoutLine: {'line': b'[  2%] Built target carmy_motor_controller__rs\n'}
[0.285080] (carmy_motor_controller) StdoutLine: {'line': b'[  4%] Built target carmy_motor_controller__cpp\n'}
[0.289020] (carmy_motor_controller) StdoutLine: {'line': b'[  4%] Built target ament_cmake_python_copy_carmy_motor_controller\n'}
[0.294003] (carmy_motor_controller) StdoutLine: {'line': b'[ 13%] Built target carmy_motor_controller__rosidl_generator_c\n'}
[0.301005] (-) TimerEvent: {}
[0.304379] (carmy_motor_controller) StdoutLine: {'line': b'[ 18%] Built target carmy_motor_controller_lib\n'}
[0.330173] (carmy_motor_controller) StdoutLine: {'line': b'[ 34%] Built target carmy_motor_controller__rosidl_typesupport_introspection_cpp\n'}
[0.330499] (carmy_motor_controller) StdoutLine: {'line': b'[ 36%] Built target carmy_motor_controller__rosidl_typesupport_fastrtps_cpp\n'}
[0.338709] (carmy_motor_controller) StdoutLine: {'line': b'[ 54%] Built target carmy_motor_controller__rosidl_typesupport_c\n'}
[0.339158] (carmy_motor_controller) StdoutLine: {'line': b'[ 54%] Built target carmy_motor_controller__rosidl_typesupport_cpp\n'}
[0.343331] (carmy_motor_controller) StdoutLine: {'line': b'[ 63%] Built target carmy_motor_controller__rosidl_typesupport_introspection_c\n'}
[0.343551] (carmy_motor_controller) StdoutLine: {'line': b'[ 72%] Built target carmy_motor_controller__rosidl_typesupport_fastrtps_c\n'}
[0.368023] (carmy_motor_controller) StdoutLine: {'line': b'[ 72%] Built target carmy_motor_controller\n'}
[0.394088] (carmy_motor_controller) StdoutLine: {'line': b'[ 75%] Built target carmy_motor_controller__py\n'}
[0.401083] (-) TimerEvent: {}
[0.404892] (carmy_motor_controller) StdoutLine: {'line': b'[ 79%] Built target rs_motor_ros2_node\n'}
[0.423767] (carmy_motor_controller) StdoutLine: {'line': b'[ 86%] Built target carmy_motor_controller__rosidl_generator_py\n'}
[0.445791] (carmy_motor_controller) StdoutLine: {'line': b'[ 90%] Built target carmy_motor_controller__rosidl_typesupport_introspection_c__pyext\n'}
[0.449733] (carmy_motor_controller) StdoutLine: {'line': b'[100%] Built target carmy_motor_controller__rosidl_typesupport_fastrtps_c__pyext\n'}
[0.449938] (carmy_motor_controller) StdoutLine: {'line': b'[100%] Built target carmy_motor_controller__rosidl_typesupport_c__pyext\n'}
[0.486986] (carmy_motor_controller) StdoutLine: {'line': b'running egg_info\n'}
[0.487746] (carmy_motor_controller) StdoutLine: {'line': b'writing carmy_motor_controller.egg-info/PKG-INFO\n'}
[0.487947] (carmy_motor_controller) StdoutLine: {'line': b'writing dependency_links to carmy_motor_controller.egg-info/dependency_links.txt\n'}
[0.488177] (carmy_motor_controller) StdoutLine: {'line': b'writing top-level names to carmy_motor_controller.egg-info/top_level.txt\n'}
[0.490407] (carmy_motor_controller) StdoutLine: {'line': b"reading manifest file 'carmy_motor_controller.egg-info/SOURCES.txt'\n"}
[0.490868] (carmy_motor_controller) StdoutLine: {'line': b"writing manifest file 'carmy_motor_controller.egg-info/SOURCES.txt'\n"}
[0.501218] (-) TimerEvent: {}
[0.515225] (carmy_motor_controller) StdoutLine: {'line': b'[100%] Built target ament_cmake_python_build_carmy_motor_controller_egg\n'}
[0.533612] (carmy_motor_controller) CommandEnded: {'returncode': 0}
[0.536483] (carmy_motor_controller) JobProgress: {'identifier': 'carmy_motor_controller', 'progress': 'install'}
[0.556682] (carmy_motor_controller) Command: {'cmd': ['/usr/bin/cmake', '--install', '/ws/carmy_motor_controller/build/carmy_motor_controller'], 'cwd': '/ws/carmy_motor_controller/build/carmy_motor_controller', 'env': OrderedDict([('HOSTNAME', 'Tinkerbox'), ('SHLVL', '1'), ('LD_LIBRARY_PATH', '/opt/ros/humble/opt/rviz_ogre_vendor/lib:/opt/ros/humble/lib/x86_64-linux-gnu:/opt/ros/humble/lib'), ('HOME', '/root'), ('OLDPWD', '/ws/carmy_motor_controller'), ('ROS_PYTHON_VERSION', '3'), ('ROS_DISTRO', 'humble'), ('_', '/usr/bin/colcon'), ('ROS_VERSION', '2'), ('TERM', 'xterm'), ('ROS_LOCALHOST_ONLY', '0'), ('PATH', '/opt/ros/humble/bin:/usr/local/sbin:/usr/local/bin:/usr/sbin:/usr/bin:/sbin:/bin'), ('DISPLAY', ':0'), ('LANG', 'C.UTF-8'), ('AMENT_PREFIX_PATH', '/opt/ros/humble'), ('DEBIAN_FRONTEND', 'noninteractive'), ('PWD', '/ws/carmy_motor_controller/build/carmy_motor_controller'), ('LC_ALL', 'C.UTF-8'), ('PYTHONPATH', '/opt/ros/humble/lib/python3.10/site-packages:/opt/ros/humble/local/lib/python3.10/dist-packages'), ('COLCON', '1'), ('CMAKE_PREFIX_PATH', '/opt/ros/humble')]), 'shell': False}
[0.580910] (carmy_motor_controller) StdoutLine: {'line': b'-- Install configuration: ""\n'}
[0.581271] (carmy_motor_controller) StdoutLine: {'line': b'-- Up-to-date: /ws/carmy_motor_controller/install/carmy_motor_controller/share/ament_index/resource_index/rosidl_interfaces/carmy_motor_controller\n'}
[0.581519] (carmy_motor_controller) StdoutLine: {'line': b'-- Up-to-date: /ws/carmy_motor_controller/install/carmy_motor_controller/include/carmy_motor_controller/carmy_motor_controller\n'}
[0.581723] (carmy_motor_controller) StdoutLine: {'line': b'-- Up-to-date: /ws/carmy_motor_controller/install/carmy_motor_controller/include/carmy_motor_controller/carmy_motor_controller/msg\n'}
[0.581940] (carmy_motor_controller) StdoutLine: {'line': b'-- Up-to-date: /ws/carmy_motor_controller/install/carmy_motor_controller/include/carmy_motor_controller/carmy_motor_controller/msg/detail\n'}
[0.582272] (carmy_motor_controller) StdoutLine: {'line': b'-- Up-to-date: /ws/carmy_motor_controller/install/carmy_motor_controller/include/carmy_motor_controller/carmy_motor_controller/msg/detail/motor_feedback__type_support.h\n'}
[0.582556] (carmy_motor_controller) StdoutLine: {'line': b'-- Up-to-date: /ws/carmy_motor_controller/install/carmy_motor_controller/include/carmy_motor_controller/carmy_motor_controller/msg/detail/motor_motion_control__functions.h\n'}
[0.582707] (carmy_motor_controller) StdoutLine: {'line': b'-- Up-to-date: /ws/carmy_motor_controller/install/carmy_motor_controller/include/carmy_motor_controller/carmy_motor_controller/msg/detail/motor_motion_control__struct.h\n'}
[0.582823] (carmy_motor_controller) StdoutLine: {'line': b'-- Up-to-date: /ws/carmy_motor_controller/install/carmy_motor_controller/include/carmy_motor_controller/carmy_motor_controller/msg/detail/motor_motion_control__functions.c\n'}
[0.582926] (carmy_motor_controller) StdoutLine: {'line': b'-- Up-to-date: /ws/carmy_motor_controller/install/carmy_motor_controller/include/carmy_motor_controller/carmy_motor_controller/msg/detail/motor_feedback__struct.h\n'}
[0.583039] (carmy_motor_controller) StdoutLine: {'line': b'-- Up-to-date: /ws/carmy_motor_controller/install/carmy_motor_controller/include/carmy_motor_controller/carmy_motor_controller/msg/detail/motor_feedback__functions.c\n'}
[0.583168] (carmy_motor_controller) StdoutLine: {'line': b'-- Up-to-date: /ws/carmy_motor_controller/install/carmy_motor_controller/include/carmy_motor_controller/carmy_motor_controller/msg/detail/motor_motion_control__type_support.h\n'}
[0.583341] (carmy_motor_controller) StdoutLine: {'line': b'-- Up-to-date: /ws/carmy_motor_controller/install/carmy_motor_controller/include/carmy_motor_controller/carmy_motor_controller/msg/detail/motor_feedback__functions.h\n'}
[0.583476] (carmy_motor_controller) StdoutLine: {'line': b'-- Up-to-date: /ws/carmy_motor_controller/install/carmy_motor_controller/include/carmy_motor_controller/carmy_motor_controller/msg/motor_motion_control.h\n'}
[0.583644] (carmy_motor_controller) StdoutLine: {'line': b'-- Up-to-date: /ws/carmy_motor_controller/install/carmy_motor_controller/include/carmy_motor_controller/carmy_motor_controller/msg/motor_feedback.h\n'}
[0.583787] (carmy_motor_controller) StdoutLine: {'line': b'-- Up-to-date: /ws/carmy_motor_controller/install/carmy_motor_controller/include/carmy_motor_controller/carmy_motor_controller/msg/rosidl_generator_c__visibility_control.h\n'}
[0.583895] (carmy_motor_controller) StdoutLine: {'line': b'-- Up-to-date: /ws/carmy_motor_controller/install/carmy_motor_controller/share/carmy_motor_controller/environment/library_path.sh\n'}
[0.584015] (carmy_motor_controller) StdoutLine: {'line': b'-- Up-to-date: /ws/carmy_motor_controller/install/carmy_motor_controller/share/carmy_motor_controller/environment/library_path.dsv\n'}
[0.584176] (carmy_motor_controller) StdoutLine: {'line': b'-- Up-to-date: /ws/carmy_motor_controller/install/carmy_motor_controller/lib/libcarmy_motor_controller__rosidl_generator_c.so\n'}
[0.584537] (carmy_motor_controller) StdoutLine: {'line': b'-- Up-to-date: /ws/carmy_motor_controller/install/carmy_motor_controller/include/carmy_motor_controller/carmy_motor_controller\n'}
[0.585105] (carmy_motor_controller) StdoutLine: {'line': b'-- Up-to-date: /ws/carmy_motor_controller/install/carmy_motor_controller/include/carmy_motor_controller/carmy_motor_controller/msg\n'}
[0.585532] (carmy_motor_controller) StdoutLine: {'line': b'-- Up-to-date: /ws/carmy_motor_controller/install/carmy_motor_controller/include/carmy_motor_controller/carmy_motor_controller/msg/detail\n'}
[0.585848] (carmy_motor_controller) StdoutLine: {'line': b'-- Up-to-date: /ws/carmy_motor_controller/install/carmy_motor_controller/include/carmy_motor_controller/carmy_motor_controller/msg/detail/motor_motion_control__rosidl_typesupport_fastrtps_c.h\n'}
[0.586151] (carmy_motor_controller) StdoutLine: {'line': b'-- Up-to-date: /ws/carmy_motor_controller/install/carmy_motor_controller/include/carmy_motor_controller/carmy_motor_controller/msg/detail/motor_feedback__rosidl_typesupport_fastrtps_c.h\n'}
[0.586412] (carmy_motor_controller) StdoutLine: {'line': b'-- Up-to-date: /ws/carmy_motor_controller/install/carmy_motor_controller/include/carmy_motor_controller/carmy_motor_controller/msg/rosidl_typesupport_fastrtps_c__visibility_control.h\n'}
[0.586702] (carmy_motor_controller) StdoutLine: {'line': b'-- Up-to-date: /ws/carmy_motor_controller/install/carmy_motor_controller/lib/libcarmy_motor_controller__rosidl_typesupport_fastrtps_c.so\n'}
[0.586966] (carmy_motor_controller) StdoutLine: {'line': b'-- Up-to-date: /ws/carmy_motor_controller/install/carmy_motor_controller/include/carmy_motor_controller/carmy_motor_controller\n'}
[0.587120] (carmy_motor_controller) StdoutLine: {'line': b'-- Up-to-date: /ws/carmy_motor_controller/install/carmy_motor_controller/include/carmy_motor_controller/carmy_motor_controller/msg\n'}
[0.587314] (carmy_motor_controller) StdoutLine: {'line': b'-- Up-to-date: /ws/carmy_motor_controller/install/carmy_motor_controller/include/carmy_motor_controller/carmy_motor_controller/msg/detail\n'}
[0.587470] (carmy_motor_controller) StdoutLine: {'line': b'-- Up-to-date: /ws/carmy_motor_controller/install/carmy_motor_controller/include/carmy_motor_controller/carmy_motor_controller/msg/detail/motor_feedback__traits.hpp\n'}
[0.587785] (carmy_motor_controller) StdoutLine: {'line': b'-- Up-to-date: /ws/carmy_motor_controller/install/carmy_motor_controller/include/carmy_motor_controller/carmy_motor_controller/msg/detail/motor_feedback__struct.hpp\n'}
[0.587925] (carmy_motor_controller) StdoutLine: {'line': b'-- Up-to-date: /ws/carmy_motor_controller/install/carmy_motor_controller/include/carmy_motor_controller/carmy_motor_controller/msg/detail/motor_motion_control__traits.hpp\n'}
[0.588054] (carmy_motor_controller) StdoutLine: {'line': b'-- Up-to-date: /ws/carmy_motor_controller/install/carmy_motor_controller/include/carmy_motor_controller/carmy_motor_controller/msg/detail/motor_feedback__type_support.hpp\n'}
[0.588290] (carmy_motor_controller) StdoutLine: {'line': b'-- Up-to-date: /ws/carmy_motor_controller/install/carmy_motor_controller/include/carmy_motor_controller/carmy_motor_controller/msg/detail/motor_motion_control__builder.hpp\n'}
[0.588730] (carmy_motor_controller) StdoutLine: {'line': b'-- Up-to-date: /ws/carmy_motor_controller/install/carmy_motor_controller/include/carmy_motor_controller/carmy_motor_controller/msg/detail/motor_motion_control__type_support.hpp\n'}
[0.589158] (carmy_motor_controller) StdoutLine: {'line': b'-- Up-to-date: /ws/carmy_motor_controller/install/carmy_motor_controller/include/carmy_motor_controller/carmy_motor_controller/msg/detail/motor_motion_control__struct.hpp\n'}
[0.589429] (carmy_motor_controller) StdoutLine: {'line': b'-- Up-to-date: /ws/carmy_motor_controller/install/carmy_motor_controller/include/carmy_motor_controller/carmy_motor_controller/msg/detail/motor_feedback__builder.hpp\n'}
[0.589589] (carmy_motor_controller) StdoutLine: {'line': b'-- Up-to-date: /ws/carmy_motor_controller/install/carmy_motor_controller/include/carmy_motor_controller/carmy_motor_controller/msg/rosidl_generator_cpp__visibility_control.hpp\n'}
[0.589743] (carmy_motor_controller) StdoutLine: {'line': b'-- Up-to-date: /ws/carmy_motor_controller/install/carmy_motor_controller/include/carmy_motor_controller/carmy_motor_controller/msg/motor_feedback.hpp\n'}
[0.589971] (carmy_motor_controller) StdoutLine: {'line': b'-- Up-to-date: /ws/carmy_motor_controller/install/carmy_motor_controller/include/carmy_motor_controller/carmy_motor_controller/msg/motor_motion_control.hpp\n'}
[0.590165] (carmy_motor_controller) StdoutLine: {'line': b'-- Up-to-date: /ws/carmy_motor_controller/install/carmy_motor_controller/include/carmy_motor_controller/carmy_motor_controller\n'}
[0.590456] (carmy_motor_controller) StdoutLine: {'line': b'-- Up-to-date: /ws/carmy_motor_controller/install/carmy_motor_controller/include/carmy_motor_controller/carmy_motor_controller/msg\n'}
[0.590658] (carmy_motor_controller) StdoutLine: {'line': b'-- Up-to-date: /ws/carmy_motor_controller/install/carmy_motor_controller/include/carmy_motor_controller/carmy_motor_controller/msg/detail\n'}
[0.590850] (carmy_motor_controller) StdoutLine: {'line': b'-- Up-to-date: /ws/carmy_motor_controller/install/carmy_motor_controller/include/carmy_motor_controller/carmy_motor_controller/msg/detail/dds_fastrtps\n'}
[0.591047] (carmy_motor_controller) StdoutLine: {'line': b'-- Up-to-date: /ws/carmy_motor_controller/install/carmy_motor_controller/include/carmy_motor_controller/carmy_motor_controller/msg/detail/motor_feedback__rosidl_typesupport_fastrtps_cpp.hpp\n'}
[0.591239] (carmy_motor_controller) StdoutLine: {'line': b'-- Up-to-date: /ws/carmy_motor_controller/install/carmy_motor_controller/include/carmy_motor_controller/carmy_motor_controller/msg/detail/motor_motion_control__rosidl_typesupport_fastrtps_cpp.hpp\n'}
[0.591381] (carmy_motor_controller) StdoutLine: {'line': b'-- Up-to-date: /ws/carmy_motor_controller/install/carmy_motor_controller/include/carmy_motor_controller/carmy_motor_controller/msg/rosidl_typesupport_fastrtps_cpp__visibility_control.h\n'}
[0.591614] (carmy_motor_controller) StdoutLine: {'line': b'-- Up-to-date: /ws/carmy_motor_controller/install/carmy_motor_controller/lib/libcarmy_motor_controller__rosidl_typesupport_fastrtps_cpp.so\n'}
[0.591751] (carmy_motor_controller) StdoutLine: {'line': b'-- Up-to-date: /ws/carmy_motor_controller/install/carmy_motor_controller/include/carmy_motor_controller/carmy_motor_controller\n'}
[0.591864] (carmy_motor_controller) StdoutLine: {'line': b'-- Up-to-date: /ws/carmy_motor_controller/install/carmy_motor_controller/include/carmy_motor_controller/carmy_motor_controller/msg\n'}
[0.591973] (carmy_motor_controller) StdoutLine: {'line': b'-- Up-to-date: /ws/carmy_motor_controller/install/carmy_motor_controller/include/carmy_motor_controller/carmy_motor_controller/msg/detail\n'}
[0.592092] (carmy_motor_controller) StdoutLine: {'line': b'-- Up-to-date: /ws/carmy_motor_controller/install/carmy_motor_controller/include/carmy_motor_controller/carmy_motor_controller/msg/detail/motor_motion_control__type_support.c\n'}
[0.592280] (carmy_motor_controller) StdoutLine: {'line': b'-- Up-to-date: /ws/carmy_motor_controller/install/carmy_motor_controller/include/carmy_motor_controller/carmy_motor_controller/msg/detail/motor_feedback__rosidl_typesupport_introspection_c.h\n'}
[0.592468] (carmy_motor_controller) StdoutLine: {'line': b'-- Up-to-date: /ws/carmy_motor_controller/install/carmy_motor_controller/include/carmy_motor_controller/carmy_motor_controller/msg/detail/motor_motion_control__rosidl_typesupport_introspection_c.h\n'}
[0.592632] (carmy_motor_controller) StdoutLine: {'line': b'-- Up-to-date: /ws/carmy_motor_controller/install/carmy_motor_controller/include/carmy_motor_controller/carmy_motor_controller/msg/detail/motor_feedback__type_support.c\n'}
[0.592827] (carmy_motor_controller) StdoutLine: {'line': b'-- Up-to-date: /ws/carmy_motor_controller/install/carmy_motor_controller/include/carmy_motor_controller/carmy_motor_controller/msg/rosidl_typesupport_introspection_c__visibility_control.h\n'}
[0.593005] (carmy_motor_controller) StdoutLine: {'line': b'-- Up-to-date: /ws/carmy_motor_controller/install/carmy_motor_controller/lib/libcarmy_motor_controller__rosidl_typesupport_introspection_c.so\n'}
[0.593175] (carmy_motor_controller) StdoutLine: {'line': b'-- Up-to-date: /ws/carmy_motor_controller/install/carmy_motor_controller/lib/libcarmy_motor_controller__rosidl_typesupport_c.so\n'}
[0.593437] (carmy_motor_controller) StdoutLine: {'line': b'-- Up-to-date: /ws/carmy_motor_controller/install/carmy_motor_controller/include/carmy_motor_controller/carmy_motor_controller\n'}
[0.593689] (carmy_motor_controller) StdoutLine: {'line': b'-- Up-to-date: /ws/carmy_motor_controller/install/carmy_motor_controller/include/carmy_motor_controller/carmy_motor_controller/msg\n'}
[0.593873] (carmy_motor_controller) StdoutLine: {'line': b'-- Up-to-date: /ws/carmy_motor_controller/install/carmy_motor_controller/include/carmy_motor_controller/carmy_motor_controller/msg/detail\n'}
[0.594059] (carmy_motor_controller) StdoutLine: {'line': b'-- Up-to-date: /ws/carmy_motor_controller/install/carmy_motor_controller/include/carmy_motor_controller/carmy_motor_controller/msg/detail/motor_motion_control__rosidl_typesupport_introspection_cpp.hpp\n'}
[0.594250] (carmy_motor_controller) StdoutLine: {'line': b'-- Up-to-date: /ws/carmy_motor_controller/install/carmy_motor_controller/include/carmy_motor_controller/carmy_motor_controller/msg/detail/motor_motion_control__type_support.cpp\n'}
[0.594512] (carmy_motor_controller) StdoutLine: {'line': b'-- Up-to-date: /ws/carmy_motor_controller/install/carmy_motor_controller/include/carmy_motor_controller/carmy_motor_controller/msg/detail/motor_feedback__type_support.cpp\n'}
[0.594699] (carmy_motor_controller) StdoutLine: {'line': b'-- Up-to-date: /ws/carmy_motor_controller/install/carmy_motor_controller/include/carmy_motor_controller/carmy_motor_controller/msg/detail/motor_feedback__rosidl_typesupport_introspection_cpp.hpp\n'}
[0.594881] (carmy_motor_controller) StdoutLine: {'line': b'-- Up-to-date: /ws/carmy_motor_controller/install/carmy_motor_controller/lib/libcarmy_motor_controller__rosidl_typesupport_introspection_cpp.so\n'}
[0.595077] (carmy_motor_controller) StdoutLine: {'line': b'-- Up-to-date: /ws/carmy_motor_controller/install/carmy_motor_controller/lib/libcarmy_motor_controller__rosidl_typesupport_cpp.so\n'}
[0.595171] (carmy_motor_controller) StdoutLine: {'line': b'-- Up-to-date: /ws/carmy_motor_controller/install/carmy_motor_controller/share/carmy_motor_controller/environment/pythonpath.sh\n'}
[0.595293] (carmy_motor_controller) StdoutLine: {'line': b'-- Up-to-date: /ws/carmy_motor_controller/install/carmy_motor_controller/share/carmy_motor_controller/environment/pythonpath.dsv\n'}
[0.595378] (carmy_motor_controller) StdoutLine: {'line': b'-- Up-to-date: /ws/carmy_motor_controller/install/carmy_motor_controller/local/lib/python3.10/dist-packages/carmy_motor_controller-0.1.0-py3.10.egg-info\n'}
[0.595436] (carmy_motor_controller) StdoutLine: {'line': b'-- Installing: /ws/carmy_motor_controller/install/carmy_motor_controller/local/lib/python3.10/dist-packages/carmy_motor_controller-0.1.0-py3.10.egg-info/dependency_links.txt\n'}
[0.595547] (carmy_motor_controller) StdoutLine: {'line': b'-- Installing: /ws/carmy_motor_controller/install/carmy_motor_controller/local/lib/python3.10/dist-packages/carmy_motor_controller-0.1.0-py3.10.egg-info/SOURCES.txt\n'}
[0.595734] (carmy_motor_controller) StdoutLine: {'line': b'-- Installing: /ws/carmy_motor_controller/install/carmy_motor_controller/local/lib/python3.10/dist-packages/carmy_motor_controller-0.1.0-py3.10.egg-info/PKG-INFO\n'}
[0.595909] (carmy_motor_controller) StdoutLine: {'line': b'-- Installing: /ws/carmy_motor_controller/install/carmy_motor_controller/local/lib/python3.10/dist-packages/carmy_motor_controller-0.1.0-py3.10.egg-info/top_level.txt\n'}
[0.596152] (carmy_motor_controller) StdoutLine: {'line': b'-- Up-to-date: /ws/carmy_motor_controller/install/carmy_motor_controller/local/lib/python3.10/dist-packages/carmy_motor_controller\n'}
[0.596583] (carmy_motor_controller) StdoutLine: {'line': b'-- Up-to-date: /ws/carmy_motor_controller/install/carmy_motor_controller/local/lib/python3.10/dist-packages/carmy_motor_controller/libcarmy_motor_controller__rosidl_generator_py.so\n'}
[0.596945] (carmy_motor_controller) StdoutLine: {'line': b'-- Up-to-date: /ws/carmy_motor_controller/install/carmy_motor_controller/local/lib/python3.10/dist-packages/carmy_motor_controller/_carmy_motor_controller_s.ep.rosidl_typesupport_introspection_c.c\n'}
[0.597309] (carmy_motor_controller) StdoutLine: {'line': b'-- Up-to-date: /ws/carmy_motor_controller/install/carmy_motor_controller/local/lib/python3.10/dist-packages/carmy_motor_controller/carmy_motor_controller_s__rosidl_typesupport_fastrtps_c.cpython-310-x86_64-linux-gnu.so\n'}
[0.597504] (carmy_motor_controller) StdoutLine: {'line': b'-- Up-to-date: /ws/carmy_motor_controller/install/carmy_motor_controller/local/lib/python3.10/dist-packages/carmy_motor_controller/_carmy_motor_controller_s.ep.rosidl_typesupport_c.c\n'}
[0.597765] (carmy_motor_controller) StdoutLine: {'line': b'-- Up-to-date: /ws/carmy_motor_controller/install/carmy_motor_controller/local/lib/python3.10/dist-packages/carmy_motor_controller/carmy_motor_controller_s__rosidl_typesupport_introspection_c.cpython-310-x86_64-linux-gnu.so\n'}
[0.597953] (carmy_motor_controller) StdoutLine: {'line': b'-- Up-to-date: /ws/carmy_motor_controller/install/carmy_motor_controller/local/lib/python3.10/dist-packages/carmy_motor_controller/__init__.py\n'}
[0.598136] (carmy_motor_controller) StdoutLine: {'line': b'-- Up-to-date: /ws/carmy_motor_controller/install/carmy_motor_controller/local/lib/python3.10/dist-packages/carmy_motor_controller/_carmy_motor_controller_s.ep.rosidl_typesupport_fastrtps_c.c\n'}
[0.598489] (carmy_motor_controller) StdoutLine: {'line': b'-- Up-to-date: /ws/carmy_motor_controller/install/carmy_motor_controller/local/lib/python3.10/dist-packages/carmy_motor_controller/carmy_motor_controller_s__rosidl_typesupport_c.cpython-310-x86_64-linux-gnu.so\n'}
[0.598851] (carmy_motor_controller) StdoutLine: {'line': b'-- Up-to-date: /ws/carmy_motor_controller/install/carmy_motor_controller/local/lib/python3.10/dist-packages/carmy_motor_controller/msg\n'}
[0.599084] (carmy_motor_controller) StdoutLine: {'line': b'-- Up-to-date: /ws/carmy_motor_controller/install/carmy_motor_controller/local/lib/python3.10/dist-packages/carmy_motor_controller/msg/_motor_feedback.py\n'}
[0.599308] (carmy_motor_controller) StdoutLine: {'line': b'-- Up-to-date: /ws/carmy_motor_controller/install/carmy_motor_controller/local/lib/python3.10/dist-packages/carmy_motor_controller/msg/__init__.py\n'}
[0.599511] (carmy_motor_controller) StdoutLine: {'line': b'-- Up-to-date: /ws/carmy_motor_controller/install/carmy_motor_controller/local/lib/python3.10/dist-packages/carmy_motor_controller/msg/_motor_feedback_s.c\n'}
[0.599714] (carmy_motor_controller) StdoutLine: {'line': b'-- Up-to-date: /ws/carmy_motor_controller/install/carmy_motor_controller/local/lib/python3.10/dist-packages/carmy_motor_controller/msg/_motor_motion_control_s.c\n'}
[0.599914] (carmy_motor_controller) StdoutLine: {'line': b'-- Up-to-date: /ws/carmy_motor_controller/install/carmy_motor_controller/local/lib/python3.10/dist-packages/carmy_motor_controller/msg/_motor_motion_control.py\n'}
[0.601324] (-) TimerEvent: {}
[0.626809] (carmy_motor_controller) StdoutLine: {'line': b"Listing '/ws/carmy_motor_controller/install/carmy_motor_controller/local/lib/python3.10/dist-packages/carmy_motor_controller'...\n"}
[0.626990] (carmy_motor_controller) StdoutLine: {'line': b"Listing '/ws/carmy_motor_controller/install/carmy_motor_controller/local/lib/python3.10/dist-packages/carmy_motor_controller/msg'...\n"}
[0.630075] (carmy_motor_controller) StdoutLine: {'line': b'-- Up-to-date: /ws/carmy_motor_controller/install/carmy_motor_controller/local/lib/python3.10/dist-packages/carmy_motor_controller/carmy_motor_controller_s__rosidl_typesupport_fastrtps_c.cpython-310-x86_64-linux-gnu.so\n'}
[0.630347] (carmy_motor_controller) StdoutLine: {'line': b'-- Up-to-date: /ws/carmy_motor_controller/install/carmy_motor_controller/local/lib/python3.10/dist-packages/carmy_motor_controller/carmy_motor_controller_s__rosidl_typesupport_introspection_c.cpython-310-x86_64-linux-gnu.so\n'}
[0.630559] (carmy_motor_controller) StdoutLine: {'line': b'-- Up-to-date: /ws/carmy_motor_controller/install/carmy_motor_controller/local/lib/python3.10/dist-packages/carmy_motor_controller/carmy_motor_controller_s__rosidl_typesupport_c.cpython-310-x86_64-linux-gnu.so\n'}
[0.630808] (carmy_motor_controller) StdoutLine: {'line': b'-- Up-to-date: /ws/carmy_motor_controller/install/carmy_motor_controller/lib/libcarmy_motor_controller__rosidl_generator_py.so\n'}
[0.630955] (carmy_motor_controller) StdoutLine: {'line': b'-- Up-to-date: /ws/carmy_motor_controller/install/carmy_motor_controller/share/ament_index/resource_index/rust_packages/carmy_motor_controller\n'}
[0.631018] (carmy_motor_controller) StdoutLine: {'line': b'-- Up-to-date: /ws/carmy_motor_controller/install/carmy_motor_controller/share/carmy_motor_controller/rust\n'}
[0.631066] (carmy_motor_controller) StdoutLine: {'line': b'-- Up-to-date: /ws/carmy_motor_controller/install/carmy_motor_controller/share/carmy_motor_controller/rust/src\n'}
[0.631159] (carmy_motor_controller) StdoutLine: {'line': b'-- Up-to-date: /ws/carmy_motor_controller/install/carmy_motor_controller/share/carmy_motor_controller/rust/src/msg.rs\n'}
[0.631231] (carmy_motor_controller) StdoutLine: {'line': b'-- Up-to-date: /ws/carmy_motor_controller/install/carmy_motor_controller/share/carmy_motor_controller/rust/src/lib.rs\n'}
[0.631295] (carmy_motor_controller) StdoutLine: {'line': b'-- Up-to-date: /ws/carmy_motor_controller/install/carmy_motor_controller/share/carmy_motor_controller/rust/src/msg\n'}
[0.631353] (carmy_motor_controller) StdoutLine: {'line': b'-- Up-to-date: /ws/carmy_motor_controller/install/carmy_motor_controller/share/carmy_motor_controller/rust/src/msg/rmw.rs\n'}
[0.631400] (carmy_motor_controller) StdoutLine: {'line': b'-- Up-to-date: /ws/carmy_motor_controller/install/carmy_motor_controller/share/carmy_motor_controller/rust/build.rs\n'}
[0.631451] (carmy_motor_controller) StdoutLine: {'line': b'-- Up-to-date: /ws/carmy_motor_controller/install/carmy_motor_controller/share/carmy_motor_controller/rust/Cargo.toml\n'}
[0.631505] (carmy_motor_controller) StdoutLine: {'line': b'-- Up-to-date: /ws/carmy_motor_controller/install/carmy_motor_controller/share/carmy_motor_controller/msg/MotorMotionControl.idl\n'}
[0.631556] (carmy_motor_controller) StdoutLine: {'line': b'-- Up-to-date: /ws/carmy_motor_controller/install/carmy_motor_controller/share/carmy_motor_controller/msg/MotorFeedback.idl\n'}
[0.631604] (carmy_motor_controller) StdoutLine: {'line': b'-- Up-to-date: /ws/carmy_motor_controller/install/carmy_motor_controller/share/carmy_motor_controller/msg/MotorMotionControl.msg\n'}
[0.631650] (carmy_motor_controller) StdoutLine: {'line': b'-- Up-to-date: /ws/carmy_motor_controller/install/carmy_motor_controller/share/carmy_motor_controller/msg/MotorFeedback.msg\n'}
[0.631682] (carmy_motor_controller) StdoutLine: {'line': b'-- Up-to-date: /ws/carmy_motor_controller/install/carmy_motor_controller/include\n'}
[0.631713] (carmy_motor_controller) StdoutLine: {'line': b'-- Up-to-date: /ws/carmy_motor_controller/install/carmy_motor_controller/include/motor_ros2\n'}
[0.631742] (carmy_motor_controller) StdoutLine: {'line': b'-- Up-to-date: /ws/carmy_motor_controller/install/carmy_motor_controller/include/motor_ros2/motor_cfg.h\n'}
[0.631789] (carmy_motor_controller) StdoutLine: {'line': b'-- Up-to-date: /ws/carmy_motor_controller/install/carmy_motor_controller/lib/libcarmy_motor_controller.so\n'}
[0.631946] (carmy_motor_controller) StdoutLine: {'line': b'-- Up-to-date: /ws/carmy_motor_controller/install/carmy_motor_controller/lib/carmy_motor_controller/rs_motor_ros2_node\n'}
[0.632027] (carmy_motor_controller) StdoutLine: {'line': b'-- Up-to-date: /ws/carmy_motor_controller/install/carmy_motor_controller/share/carmy_motor_controller/msg\n'}
[0.632075] (carmy_motor_controller) StdoutLine: {'line': b'-- Up-to-date: /ws/carmy_motor_controller/install/carmy_motor_controller/share/carmy_motor_controller/msg/MotorMotionControl.msg\n'}
[0.632123] (carmy_motor_controller) StdoutLine: {'line': b'-- Up-to-date: /ws/carmy_motor_controller/install/carmy_motor_controller/share/carmy_motor_controller/msg/MotorFeedback.msg\n'}
[0.632171] (carmy_motor_controller) StdoutLine: {'line': b'-- Up-to-date: /ws/carmy_motor_controller/install/carmy_motor_controller/share/ament_index/resource_index/package_run_dependencies/carmy_motor_controller\n'}
[0.632227] (carmy_motor_controller) StdoutLine: {'line': b'-- Up-to-date: /ws/carmy_motor_controller/install/carmy_motor_controller/share/ament_index/resource_index/parent_prefix_path/carmy_motor_controller\n'}
[0.632275] (carmy_motor_controller) StdoutLine: {'line': b'-- Up-to-date: /ws/carmy_motor_controller/install/carmy_motor_controller/share/carmy_motor_controller/environment/ament_prefix_path.sh\n'}
[0.632321] (carmy_motor_controller) StdoutLine: {'line': b'-- Up-to-date: /ws/carmy_motor_controller/install/carmy_motor_controller/share/carmy_motor_controller/environment/ament_prefix_path.dsv\n'}
[0.632379] (carmy_motor_controller) StdoutLine: {'line': b'-- Up-to-date: /ws/carmy_motor_controller/install/carmy_motor_controller/share/carmy_motor_controller/environment/path.sh\n'}
[0.632434] (carmy_motor_controller) StdoutLine: {'line': b'-- Up-to-date: /ws/carmy_motor_controller/install/carmy_motor_controller/share/carmy_motor_controller/environment/path.dsv\n'}
[0.632485] (carmy_motor_controller) StdoutLine: {'line': b'-- Up-to-date: /ws/carmy_motor_controller/install/carmy_motor_controller/share/carmy_motor_controller/local_setup.bash\n'}
[0.632516] (carmy_motor_controller) StdoutLine: {'line': b'-- Up-to-date: /ws/carmy_motor_controller/install/carmy_motor_controller/share/carmy_motor_controller/local_setup.sh\n'}
[0.632547] (carmy_motor_controller) StdoutLine: {'line': b'-- Up-to-date: /ws/carmy_motor_controller/install/carmy_motor_controller/share/carmy_motor_controller/local_setup.zsh\n'}
[0.632577] (carmy_motor_controller) StdoutLine: {'line': b'-- Up-to-date: /ws/carmy_motor_controller/install/carmy_motor_controller/share/carmy_motor_controller/local_setup.dsv\n'}
[0.632626] (carmy_motor_controller) StdoutLine: {'line': b'-- Installing: /ws/carmy_motor_controller/install/carmy_motor_controller/share/carmy_motor_controller/package.dsv\n'}
[0.632660] (carmy_motor_controller) StdoutLine: {'line': b'-- Up-to-date: /ws/carmy_motor_controller/install/carmy_motor_controller/share/ament_index/resource_index/packages/carmy_motor_controller\n'}
[0.633113] (carmy_motor_controller) StdoutLine: {'line': b'-- Up-to-date: /ws/carmy_motor_controller/install/carmy_motor_controller/share/carmy_motor_controller/cmake/export_carmy_motor_controller__rosidl_generator_cExport.cmake\n'}
[0.633167] (carmy_motor_controller) StdoutLine: {'line': b'-- Up-to-date: /ws/carmy_motor_controller/install/carmy_motor_controller/share/carmy_motor_controller/cmake/export_carmy_motor_controller__rosidl_generator_cExport-noconfig.cmake\n'}
[0.633345] (carmy_motor_controller) StdoutLine: {'line': b'-- Up-to-date: /ws/carmy_motor_controller/install/carmy_motor_controller/share/carmy_motor_controller/cmake/export_carmy_motor_controller__rosidl_typesupport_fastrtps_cExport.cmake\n'}
[0.633447] (carmy_motor_controller) StdoutLine: {'line': b'-- Up-to-date: /ws/carmy_motor_controller/install/carmy_motor_controller/share/carmy_motor_controller/cmake/export_carmy_motor_controller__rosidl_typesupport_fastrtps_cExport-noconfig.cmake\n'}
[0.633698] (carmy_motor_controller) StdoutLine: {'line': b'-- Up-to-date: /ws/carmy_motor_controller/install/carmy_motor_controller/share/carmy_motor_controller/cmake/export_carmy_motor_controller__rosidl_generator_cppExport.cmake\n'}
[0.633949] (carmy_motor_controller) StdoutLine: {'line': b'-- Up-to-date: /ws/carmy_motor_controller/install/carmy_motor_controller/share/carmy_motor_controller/cmake/export_carmy_motor_controller__rosidl_typesupport_fastrtps_cppExport.cmake\n'}
[0.634018] (carmy_motor_controller) StdoutLine: {'line': b'-- Up-to-date: /ws/carmy_motor_controller/install/carmy_motor_controller/share/carmy_motor_controller/cmake/export_carmy_motor_controller__rosidl_typesupport_fastrtps_cppExport-noconfig.cmake\n'}
[0.634266] (carmy_motor_controller) StdoutLine: {'line': b'-- Up-to-date: /ws/carmy_motor_controller/install/carmy_motor_controller/share/carmy_motor_controller/cmake/carmy_motor_controller__rosidl_typesupport_introspection_cExport.cmake\n'}
[0.634348] (carmy_motor_controller) StdoutLine: {'line': b'-- Up-to-date: /ws/carmy_motor_controller/install/carmy_motor_controller/share/carmy_motor_controller/cmake/carmy_motor_controller__rosidl_typesupport_introspection_cExport-noconfig.cmake\n'}
[0.634574] (carmy_motor_controller) StdoutLine: {'line': b'-- Up-to-date: /ws/carmy_motor_controller/install/carmy_motor_controller/share/carmy_motor_controller/cmake/carmy_motor_controller__rosidl_typesupport_cExport.cmake\n'}
[0.634733] (carmy_motor_controller) StdoutLine: {'line': b'-- Up-to-date: /ws/carmy_motor_controller/install/carmy_motor_controller/share/carmy_motor_controller/cmake/carmy_motor_controller__rosidl_typesupport_cExport-noconfig.cmake\n'}
[0.635007] (carmy_motor_controller) StdoutLine: {'line': b'-- Up-to-date: /ws/carmy_motor_controller/install/carmy_motor_controller/share/carmy_motor_controller/cmake/carmy_motor_controller__rosidl_typesupport_introspection_cppExport.cmake\n'}
[0.635089] (carmy_motor_controller) StdoutLine: {'line': b'-- Up-to-date: /ws/carmy_motor_controller/install/carmy_motor_controller/share/carmy_motor_controller/cmake/carmy_motor_controller__rosidl_typesupport_introspection_cppExport-noconfig.cmake\n'}
[0.635453] (carmy_motor_controller) StdoutLine: {'line': b'-- Up-to-date: /ws/carmy_motor_controller/install/carmy_motor_controller/share/carmy_motor_controller/cmake/carmy_motor_controller__rosidl_typesupport_cppExport.cmake\n'}
[0.635551] (carmy_motor_controller) StdoutLine: {'line': b'-- Up-to-date: /ws/carmy_motor_controller/install/carmy_motor_controller/share/carmy_motor_controller/cmake/carmy_motor_controller__rosidl_typesupport_cppExport-noconfig.cmake\n'}
[0.635932] (carmy_motor_controller) StdoutLine: {'line': b'-- Up-to-date: /ws/carmy_motor_controller/install/carmy_motor_controller/share/carmy_motor_controller/cmake/export_carmy_motor_controller__rosidl_generator_pyExport.cmake\n'}
[0.636038] (carmy_motor_controller) StdoutLine: {'line': b'-- Up-to-date: /ws/carmy_motor_controller/install/carmy_motor_controller/share/carmy_motor_controller/cmake/export_carmy_motor_controller__rosidl_generator_pyExport-noconfig.cmake\n'}
[0.636109] (carmy_motor_controller) StdoutLine: {'line': b'-- Up-to-date: /ws/carmy_motor_controller/install/carmy_motor_controller/share/carmy_motor_controller/cmake/rosidl_cmake-extras.cmake\n'}
[0.636210] (carmy_motor_controller) StdoutLine: {'line': b'-- Up-to-date: /ws/carmy_motor_controller/install/carmy_motor_controller/share/carmy_motor_controller/cmake/ament_cmake_export_dependencies-extras.cmake\n'}
[0.636299] (carmy_motor_controller) StdoutLine: {'line': b'-- Up-to-date: /ws/carmy_motor_controller/install/carmy_motor_controller/share/carmy_motor_controller/cmake/ament_cmake_export_include_directories-extras.cmake\n'}
[0.636394] (carmy_motor_controller) StdoutLine: {'line': b'-- Up-to-date: /ws/carmy_motor_controller/install/carmy_motor_controller/share/carmy_motor_controller/cmake/ament_cmake_export_libraries-extras.cmake\n'}
[0.636522] (carmy_motor_controller) StdoutLine: {'line': b'-- Up-to-date: /ws/carmy_motor_controller/install/carmy_motor_controller/share/carmy_motor_controller/cmake/ament_cmake_export_targets-extras.cmake\n'}
[0.636610] (carmy_motor_controller) StdoutLine: {'line': b'-- Up-to-date: /ws/carmy_motor_controller/install/carmy_motor_controller/share/carmy_motor_controller/cmake/rosidl_cmake_export_typesupport_targets-extras.cmake\n'}
[0.636707] (carmy_motor_controller) StdoutLine: {'line': b'-- Up-to-date: /ws/carmy_motor_controller/install/carmy_motor_controller/share/carmy_motor_controller/cmake/rosidl_cmake_export_typesupport_libraries-extras.cmake\n'}
[0.636793] (carmy_motor_controller) StdoutLine: {'line': b'-- Up-to-date: /ws/carmy_motor_controller/install/carmy_motor_controller/share/carmy_motor_controller/cmake/rosidl_cmake_aggregate_target-extras.cmake\n'}
[0.636886] (carmy_motor_controller) StdoutLine: {'line': b'-- Up-to-date: /ws/carmy_motor_controller/install/carmy_motor_controller/share/carmy_motor_controller/cmake/carmy_motor_controllerConfig.cmake\n'}
[0.636939] (carmy_motor_controller) StdoutLine: {'line': b'-- Up-to-date: /ws/carmy_motor_controller/install/carmy_motor_controller/share/carmy_motor_controller/cmake/carmy_motor_controllerConfig-version.cmake\n'}
[0.637017] (carmy_motor_controller) StdoutLine: {'line': b'-- Up-to-date: /ws/carmy_motor_controller/install/carmy_motor_controller/share/carmy_motor_controller/package.xml\n'}
[0.640046] (carmy_motor_controller) CommandEnded: {'returncode': 0}
[0.657520] (carmy_motor_controller) JobEnded: {'identifier': 'carmy_motor_controller', 'rc': 0}
[0.657976] (-) EventReactorShutdown: {}
