[0.223s] DEBUG:colcon:Command line arguments: ['/usr/bin/colcon', 'build', '--event-handlers', 'console_direct+']
[0.223s] DEBUG:colcon:Parsed command line arguments: Namespace(log_base=None, log_level=None, verb_name='build', build_base='build', install_base='install', merge_install=False, symlink_install=False, test_result_base=None, continue_on_error=False, executor='parallel', parallel_workers=12, event_handlers=['console_direct+'], ignore_user_meta=False, metas=['./colcon.meta'], base_paths=['.'], packages_ignore=None, packages_ignore_regex=None, paths=None, packages_up_to=None, packages_up_to_regex=None, packages_above=None, packages_above_and_dependencies=None, packages_above_depth=None, packages_select_by_dep=None, packages_skip_by_dep=None, packages_skip_up_to=None, packages_select_build_failed=False, packages_skip_build_finished=False, packages_select_test_failures=False, packages_skip_test_passed=False, packages_select=None, packages_skip=None, packages_select_regex=None, packages_skip_regex=None, packages_start=None, packages_end=None, cmake_args=None, cmake_target=None, cmake_target_skip_unavailable=False, cmake_clean_cache=False, cmake_clean_first=False, cmake_force_configure=False, ament_cmake_args=None, catkin_cmake_args=None, catkin_skip_building_tests=False, mixin_files=None, mixin=None, verb_parser=<colcon_mixin.mixin.mixin_argument.MixinArgumentDecorator object at 0x79431dc67490>, verb_extension=<colcon_core.verb.build.BuildVerb object at 0x79431dda06d0>, main=<bound method BuildVerb.main of <colcon_core.verb.build.BuildVerb object at 0x79431dda06d0>>, mixin_verb=('build',))
[0.429s] Level 1:colcon.colcon_core.package_discovery:discover_packages(colcon_meta) check parameters
[0.430s] INFO:colcon.colcon_metadata.package_discovery.colcon_meta:Using configuration from '/root/.colcon/metadata/default/Gazebo.meta'
[0.430s] INFO:colcon.colcon_metadata.package_discovery.colcon_meta:Using configuration from '/root/.colcon/metadata/default/fastdds.meta'
[0.431s] INFO:colcon.colcon_metadata.package_discovery.colcon_meta:Using configuration from '/root/.colcon/metadata/default/fastrtps.meta'
[0.431s] Level 1:colcon.colcon_core.package_discovery:discover_packages(recursive) check parameters
[0.431s] Level 1:colcon.colcon_core.package_discovery:discover_packages(ignore) check parameters
[0.431s] Level 1:colcon.colcon_core.package_discovery:discover_packages(path) check parameters
[0.431s] Level 1:colcon.colcon_core.package_discovery:discover_packages(colcon_meta) discover
[0.431s] Level 1:colcon.colcon_core.package_discovery:discover_packages(recursive) discover
[0.431s] INFO:colcon.colcon_core.package_discovery:Crawling recursively for packages in '/ws/carmy_motor_controller'
[0.431s] Level 1:colcon.colcon_core.package_identification:_identify(.) by extensions ['ignore', 'ignore_ament_install']
[0.431s] Level 1:colcon.colcon_core.package_identification:_identify(.) by extension 'ignore'
[0.431s] Level 1:colcon.colcon_core.package_identification:_identify(.) by extension 'ignore_ament_install'
[0.431s] Level 1:colcon.colcon_core.package_identification:_identify(.) by extensions ['colcon_pkg']
[0.431s] Level 1:colcon.colcon_core.package_identification:_identify(.) by extension 'colcon_pkg'
[0.431s] Level 1:colcon.colcon_core.package_identification:_identify(.) by extensions ['colcon_meta']
[0.432s] Level 1:colcon.colcon_core.package_identification:_identify(.) by extension 'colcon_meta'
[0.432s] Level 1:colcon.colcon_core.package_identification:_identify(.) by extensions ['ros']
[0.432s] Level 1:colcon.colcon_core.package_identification:_identify(.) by extension 'ros'
[0.445s] DEBUG:colcon.colcon_core.package_identification:Package '.' with type 'ros.ament_cmake' and name 'carmy_motor_controller'
[0.445s] Level 1:colcon.colcon_core.package_discovery:discover_packages(recursive) using defaults
[0.445s] Level 1:colcon.colcon_core.package_discovery:discover_packages(ignore) discover
[0.445s] Level 1:colcon.colcon_core.package_discovery:discover_packages(ignore) using defaults
[0.445s] Level 1:colcon.colcon_core.package_discovery:discover_packages(path) discover
[0.445s] Level 1:colcon.colcon_core.package_discovery:discover_packages(path) using defaults
[0.467s] Level 5:colcon.colcon_core.verb:set package 'carmy_motor_controller' build argument 'cmake_args' from command line to 'None'
[0.467s] Level 5:colcon.colcon_core.verb:set package 'carmy_motor_controller' build argument 'cmake_target' from command line to 'None'
[0.467s] Level 5:colcon.colcon_core.verb:set package 'carmy_motor_controller' build argument 'cmake_target_skip_unavailable' from command line to 'False'
[0.467s] Level 5:colcon.colcon_core.verb:set package 'carmy_motor_controller' build argument 'cmake_clean_cache' from command line to 'False'
[0.467s] Level 5:colcon.colcon_core.verb:set package 'carmy_motor_controller' build argument 'cmake_clean_first' from command line to 'False'
[0.467s] Level 5:colcon.colcon_core.verb:set package 'carmy_motor_controller' build argument 'cmake_force_configure' from command line to 'False'
[0.467s] Level 5:colcon.colcon_core.verb:set package 'carmy_motor_controller' build argument 'ament_cmake_args' from command line to 'None'
[0.467s] Level 5:colcon.colcon_core.verb:set package 'carmy_motor_controller' build argument 'catkin_cmake_args' from command line to 'None'
[0.467s] Level 5:colcon.colcon_core.verb:set package 'carmy_motor_controller' build argument 'catkin_skip_building_tests' from command line to 'False'
[0.467s] DEBUG:colcon.colcon_core.verb:Building package 'carmy_motor_controller' with the following arguments: {'ament_cmake_args': None, 'build_base': '/ws/carmy_motor_controller/build/carmy_motor_controller', 'catkin_cmake_args': None, 'catkin_skip_building_tests': False, 'cmake_args': None, 'cmake_clean_cache': False, 'cmake_clean_first': False, 'cmake_force_configure': False, 'cmake_target': None, 'cmake_target_skip_unavailable': False, 'install_base': '/ws/carmy_motor_controller/install/carmy_motor_controller', 'merge_install': False, 'path': '/ws/carmy_motor_controller', 'symlink_install': False, 'test_result_base': None}
[0.467s] INFO:colcon.colcon_core.executor:Executing jobs using 'parallel' executor
[0.468s] DEBUG:colcon.colcon_parallel_executor.executor.parallel:run_until_complete
[0.468s] INFO:colcon.colcon_ros.task.ament_cmake.build:Building ROS package in '/ws/carmy_motor_controller' with build type 'ament_cmake'
[0.468s] INFO:colcon.colcon_cmake.task.cmake.build:Building CMake package in '/ws/carmy_motor_controller'
[0.472s] INFO:colcon.colcon_core.plugin_system:Skipping extension 'colcon_core.shell.bat': Not used on non-Windows systems
[0.472s] INFO:colcon.colcon_core.shell:Skip shell extension 'powershell' for command environment: Not usable outside of PowerShell
[0.472s] DEBUG:colcon.colcon_core.shell:Skip shell extension 'dsv' for command environment
[0.484s] DEBUG:colcon.colcon_core.event_handler.log_command:Invoking command in '/ws/carmy_motor_controller/build/carmy_motor_controller': CMAKE_PREFIX_PATH=/opt/ros/humble /usr/bin/cmake --build /ws/carmy_motor_controller/build/carmy_motor_controller -- -j12 -l12
[1.002s] DEBUG:colcon.colcon_core.event_handler.log_command:Invoked command in '/ws/carmy_motor_controller/build/carmy_motor_controller' returned '0': CMAKE_PREFIX_PATH=/opt/ros/humble /usr/bin/cmake --build /ws/carmy_motor_controller/build/carmy_motor_controller -- -j12 -l12
[1.027s] DEBUG:colcon.colcon_core.event_handler.log_command:Invoking command in '/ws/carmy_motor_controller/build/carmy_motor_controller': CMAKE_PREFIX_PATH=/opt/ros/humble /usr/bin/cmake --install /ws/carmy_motor_controller/build/carmy_motor_controller
[1.108s] Level 1:colcon.colcon_core.environment:create_environment_scripts_only(carmy_motor_controller)
[1.108s] DEBUG:colcon.colcon_core.event_handler.log_command:Invoked command in '/ws/carmy_motor_controller/build/carmy_motor_controller' returned '0': CMAKE_PREFIX_PATH=/opt/ros/humble /usr/bin/cmake --install /ws/carmy_motor_controller/build/carmy_motor_controller
[1.111s] Level 1:colcon.colcon_core.environment:checking '/ws/carmy_motor_controller/install/carmy_motor_controller' for CMake module files
[1.111s] Level 1:colcon.colcon_core.environment:checking '/ws/carmy_motor_controller/install/carmy_motor_controller' for CMake config files
[1.112s] Level 1:colcon.colcon_core.shell:create_environment_hook('carmy_motor_controller', 'cmake_prefix_path')
[1.112s] INFO:colcon.colcon_core.shell:Creating environment hook '/ws/carmy_motor_controller/install/carmy_motor_controller/share/carmy_motor_controller/hook/cmake_prefix_path.ps1'
[1.112s] INFO:colcon.colcon_core.shell:Creating environment descriptor '/ws/carmy_motor_controller/install/carmy_motor_controller/share/carmy_motor_controller/hook/cmake_prefix_path.dsv'
[1.113s] INFO:colcon.colcon_core.shell:Creating environment hook '/ws/carmy_motor_controller/install/carmy_motor_controller/share/carmy_motor_controller/hook/cmake_prefix_path.sh'
[1.113s] Level 1:colcon.colcon_core.environment:checking '/ws/carmy_motor_controller/install/carmy_motor_controller/lib'
[1.114s] Level 1:colcon.colcon_core.shell:create_environment_hook('carmy_motor_controller', 'ld_library_path_lib')
[1.114s] INFO:colcon.colcon_core.shell:Creating environment hook '/ws/carmy_motor_controller/install/carmy_motor_controller/share/carmy_motor_controller/hook/ld_library_path_lib.ps1'
[1.114s] INFO:colcon.colcon_core.shell:Creating environment descriptor '/ws/carmy_motor_controller/install/carmy_motor_controller/share/carmy_motor_controller/hook/ld_library_path_lib.dsv'
[1.114s] INFO:colcon.colcon_core.shell:Creating environment hook '/ws/carmy_motor_controller/install/carmy_motor_controller/share/carmy_motor_controller/hook/ld_library_path_lib.sh'
[1.114s] Level 1:colcon.colcon_core.environment:checking '/ws/carmy_motor_controller/install/carmy_motor_controller/bin'
[1.114s] Level 1:colcon.colcon_core.environment:checking '/ws/carmy_motor_controller/install/carmy_motor_controller/lib/pkgconfig/carmy_motor_controller.pc'
[1.116s] Level 1:colcon.colcon_core.environment:checking '/ws/carmy_motor_controller/install/carmy_motor_controller/lib/python3.10/site-packages'
[1.116s] Level 1:colcon.colcon_core.environment:checking '/ws/carmy_motor_controller/install/carmy_motor_controller/bin'
[1.116s] INFO:colcon.colcon_core.shell:Creating package script '/ws/carmy_motor_controller/install/carmy_motor_controller/share/carmy_motor_controller/package.ps1'
[1.117s] INFO:colcon.colcon_core.shell:Creating package descriptor '/ws/carmy_motor_controller/install/carmy_motor_controller/share/carmy_motor_controller/package.dsv'
[1.118s] INFO:colcon.colcon_core.shell:Creating package script '/ws/carmy_motor_controller/install/carmy_motor_controller/share/carmy_motor_controller/package.sh'
[1.118s] INFO:colcon.colcon_core.shell:Creating package script '/ws/carmy_motor_controller/install/carmy_motor_controller/share/carmy_motor_controller/package.bash'
[1.119s] INFO:colcon.colcon_core.shell:Creating package script '/ws/carmy_motor_controller/install/carmy_motor_controller/share/carmy_motor_controller/package.zsh'
[1.120s] Level 1:colcon.colcon_core.environment:create_file_with_runtime_dependencies(/ws/carmy_motor_controller/install/carmy_motor_controller/share/colcon-core/packages/carmy_motor_controller)
[1.120s] Level 1:colcon.colcon_core.environment:create_environment_scripts_only(carmy_motor_controller)
[1.120s] Level 1:colcon.colcon_core.environment:checking '/ws/carmy_motor_controller/install/carmy_motor_controller' for CMake module files
[1.121s] Level 1:colcon.colcon_core.environment:checking '/ws/carmy_motor_controller/install/carmy_motor_controller' for CMake config files
[1.121s] Level 1:colcon.colcon_core.shell:create_environment_hook('carmy_motor_controller', 'cmake_prefix_path')
[1.121s] INFO:colcon.colcon_core.shell:Creating environment hook '/ws/carmy_motor_controller/install/carmy_motor_controller/share/carmy_motor_controller/hook/cmake_prefix_path.ps1'
[1.122s] INFO:colcon.colcon_core.shell:Creating environment descriptor '/ws/carmy_motor_controller/install/carmy_motor_controller/share/carmy_motor_controller/hook/cmake_prefix_path.dsv'
[1.122s] INFO:colcon.colcon_core.shell:Creating environment hook '/ws/carmy_motor_controller/install/carmy_motor_controller/share/carmy_motor_controller/hook/cmake_prefix_path.sh'
[1.122s] Level 1:colcon.colcon_core.environment:checking '/ws/carmy_motor_controller/install/carmy_motor_controller/lib'
[1.122s] Level 1:colcon.colcon_core.shell:create_environment_hook('carmy_motor_controller', 'ld_library_path_lib')
[1.122s] INFO:colcon.colcon_core.shell:Creating environment hook '/ws/carmy_motor_controller/install/carmy_motor_controller/share/carmy_motor_controller/hook/ld_library_path_lib.ps1'
[1.123s] INFO:colcon.colcon_core.shell:Creating environment descriptor '/ws/carmy_motor_controller/install/carmy_motor_controller/share/carmy_motor_controller/hook/ld_library_path_lib.dsv'
[1.123s] INFO:colcon.colcon_core.shell:Creating environment hook '/ws/carmy_motor_controller/install/carmy_motor_controller/share/carmy_motor_controller/hook/ld_library_path_lib.sh'
[1.123s] Level 1:colcon.colcon_core.environment:checking '/ws/carmy_motor_controller/install/carmy_motor_controller/bin'
[1.123s] Level 1:colcon.colcon_core.environment:checking '/ws/carmy_motor_controller/install/carmy_motor_controller/lib/pkgconfig/carmy_motor_controller.pc'
[1.123s] Level 1:colcon.colcon_core.environment:checking '/ws/carmy_motor_controller/install/carmy_motor_controller/lib/python3.10/site-packages'
[1.123s] Level 1:colcon.colcon_core.environment:checking '/ws/carmy_motor_controller/install/carmy_motor_controller/bin'
[1.124s] INFO:colcon.colcon_core.shell:Creating package script '/ws/carmy_motor_controller/install/carmy_motor_controller/share/carmy_motor_controller/package.ps1'
[1.124s] INFO:colcon.colcon_core.shell:Creating package descriptor '/ws/carmy_motor_controller/install/carmy_motor_controller/share/carmy_motor_controller/package.dsv'
[1.124s] INFO:colcon.colcon_core.shell:Creating package script '/ws/carmy_motor_controller/install/carmy_motor_controller/share/carmy_motor_controller/package.sh'
[1.125s] INFO:colcon.colcon_core.shell:Creating package script '/ws/carmy_motor_controller/install/carmy_motor_controller/share/carmy_motor_controller/package.bash'
[1.125s] INFO:colcon.colcon_core.shell:Creating package script '/ws/carmy_motor_controller/install/carmy_motor_controller/share/carmy_motor_controller/package.zsh'
[1.125s] Level 1:colcon.colcon_core.environment:create_file_with_runtime_dependencies(/ws/carmy_motor_controller/install/carmy_motor_controller/share/colcon-core/packages/carmy_motor_controller)
[1.125s] DEBUG:colcon.colcon_parallel_executor.executor.parallel:closing loop
[1.125s] DEBUG:colcon.colcon_parallel_executor.executor.parallel:loop closed
[1.125s] DEBUG:colcon.colcon_parallel_executor.executor.parallel:run_until_complete finished with '0'
[1.125s] DEBUG:colcon.colcon_core.event_reactor:joining thread
[1.135s] INFO:colcon.colcon_core.plugin_system:Skipping extension 'colcon_notification.desktop_notification.notify_send': Could not find 'notify-send'
[1.135s] INFO:colcon.colcon_core.plugin_system:Skipping extension 'colcon_notification.desktop_notification.terminal_notifier': Not used on non-Darwin systems
[1.135s] INFO:colcon.colcon_core.plugin_system:Skipping extension 'colcon_notification.desktop_notification.win32': Not used on non-Windows systems
[1.135s] INFO:colcon.colcon_notification.desktop_notification:Sending desktop notification using 'notify2'
[1.140s] DEBUG:colcon.colcon_notification.desktop_notification.notify2:Failed to initialize notify2: org.freedesktop.DBus.Error.Spawn.ExecFailed: /usr/bin/dbus-launch terminated abnormally without any error message
[1.140s] DEBUG:colcon.colcon_core.event_reactor:joined thread
[1.141s] INFO:colcon.colcon_core.shell:Creating prefix script '/ws/carmy_motor_controller/install/local_setup.ps1'
[1.142s] INFO:colcon.colcon_core.shell:Creating prefix util module '/ws/carmy_motor_controller/install/_local_setup_util_ps1.py'
[1.144s] INFO:colcon.colcon_core.shell:Creating prefix chain script '/ws/carmy_motor_controller/install/setup.ps1'
[1.155s] INFO:colcon.colcon_core.shell:Creating prefix script '/ws/carmy_motor_controller/install/local_setup.sh'
[1.155s] INFO:colcon.colcon_core.shell:Creating prefix util module '/ws/carmy_motor_controller/install/_local_setup_util_sh.py'
[1.156s] INFO:colcon.colcon_core.shell:Creating prefix chain script '/ws/carmy_motor_controller/install/setup.sh'
[1.157s] INFO:colcon.colcon_core.shell:Creating prefix script '/ws/carmy_motor_controller/install/local_setup.bash'
[1.157s] INFO:colcon.colcon_core.shell:Creating prefix chain script '/ws/carmy_motor_controller/install/setup.bash'
[1.158s] INFO:colcon.colcon_core.shell:Creating prefix script '/ws/carmy_motor_controller/install/local_setup.zsh'
[1.158s] INFO:colcon.colcon_core.shell:Creating prefix chain script '/ws/carmy_motor_controller/install/setup.zsh'
